     VMA      LMA     Size Align Out     In      Symbol
       0        0        0     1 
       0        0        0     1 
       0        0        0     1 __basic_zp_start = 0x0002
       0        0        0     1 __basic_zp_end = 0x0090
       0        0        0     1 __rc0 = __basic_zp_start
       0        0        0     1 __rc1 = __rc0 + 1
       0        0        0     1 PROVIDE(__rc2 = __rc1 + 1)
       0        0        0     1 __rc3 = __rc2 + 1
       0        0        0     1 PROVIDE(__rc4 = __rc3 + 1)
       0        0        0     1 __rc5 = __rc4 + 1
       0        0        0     1 PROVIDE(__rc6 = __rc5 + 1)
       0        0        0     1 __rc7 = __rc6 + 1
       0        0        0     1 PROVIDE(__rc8 = __rc7 + 1)
       0        0        0     1 __rc9 = __rc8 + 1
       0        0        0     1 PROVIDE(__rc10 = __rc9 + 1)
       0        0        0     1 __rc11 = __rc10 + 1
       0        0        0     1 PROVIDE(__rc12 = __rc11 + 1)
       0        0        0     1 __rc13 = __rc12 + 1
       0        0        0     1 PROVIDE(__rc14 = __rc13 + 1)
       0        0        0     1 __rc15 = __rc14 + 1
       0        0        0     1 PROVIDE(__rc16 = __rc15 + 1)
       0        0        0     1 __rc17 = __rc16 + 1
       0        0        0     1 PROVIDE(__rc18 = __rc17 + 1)
       0        0        0     1 __rc19 = __rc18 + 1
       0        0        0     1 PROVIDE(__rc20 = __rc19 + 1)
       0        0        0     1 __rc21 = __rc20 + 1
       0        0        0     1 PROVIDE(__rc22 = __rc21 + 1)
       0        0        0     1 __rc23 = __rc22 + 1
       0        0        0     1 PROVIDE(__rc24 = __rc23 + 1)
       0        0        0     1 __rc25 = __rc24 + 1
       0        0        0     1 PROVIDE(__rc26 = __rc25 + 1)
       0        0        0     1 __rc27 = __rc26 + 1
       0        0        0     1 PROVIDE(__rc28 = __rc27 + 1)
       0        0        0     1 __rc29 = __rc28 + 1
       0        0        0     1 PROVIDE(__rc30 = __rc29 + 1)
       0        0        0     1 __rc31 = __rc30 + 1
       0        0        0     1 __basic_zp_size = __basic_zp_end - __basic_zp_start
    2001     2001       16     1 .basic_header
    2001     2001       16     1         /Users/slice/Developer/f65-megawing/toolchain/runtime/llvm-mos/bin/../mos-platform/mega65/lib/basic-header.o:(.basic_header)
    2015     2015        0     1                 next_line
      22       22        0     1 .zp.data
      22       22        0     1         __zp_data_start = .
      22       22        0     1 __zp_data_load_start = LOADADDR(.zp.data)
      22       22        0     1 __zp_data_size = SIZEOF(.zp.data)
      22       22        0     1 .zp.bss
      22       22        0     1         __zp_bss_start = .
      22       22        0     1 __zp_bss_size = SIZEOF(.zp.bss)
    2017     2017      ff5     1 .r0fs_protected
    2017     2017        9     1         /var/folders/bt/gybs30z52sx1jjjhm2h7_nj80000gq/T/successor_admission_45gs02-6f3b66.o:(.text.r0fs_protected)
    2017     2017        0     1                 r0fs_quiesce_marker
    2019     2019        0     1                 r0fs_context_restore_marker
    201b     201b        0     1                 r0fs_canonical_restore_marker
    201f     201f        0     1                 r0fs_resume_marker
    2020     2020      81b     1         /var/folders/bt/gybs30z52sx1jjjhm2h7_nj80000gq/T/successor_integration_45gs02-710a83.o:(.text.r0fs_protected)
    2020     2020        0     1                 r0fs_context_read
    20df     20df        0     1                 r0fs_context_invalidate
    211b     211b        0     1                 r0fs_storage
    282f     282f        0     1                 r0fs_storage_end
    283b     283b      4e6     1         /var/folders/bt/gybs30z52sx1jjjhm2h7_nj80000gq/T/group1_terminal_export_45gs02-b9c432.o:(.text.r0fs_protected)
    283b     283b        0     1                 r0fg1_terminal_export
    2d21     2d21        0     1                 r0fg1_terminal_export_end
    2d21     2d21      146     1         /var/folders/bt/gybs30z52sx1jjjhm2h7_nj80000gq/T/group1_irq_45gs02-45b6e2.o:(.text.r0f_pf)
    2d21     2d21        0     1                 r0f_pf_enter
    2d81     2d81        0     1                 r0f_pf_start_irq
    2d98     2d98        0     1                 r0f_pf_stop_irq
    2da4     2da4        0     1                 r0f_pf_irq
    2dd6     2dd6        0     1                 r0f_pf_nmi
    2dde     2dde        0     1                 r0f_pf_flat_copy
    2e1b     2e1b        0     1                 r0f_pf_register_probe
    2e67     2e67       19     1         /var/folders/bt/gybs30z52sx1jjjhm2h7_nj80000gq/T/group1_terminal_export_45gs02-b9c432.o:(.r0fs_protected_data)
    2e67     2e67        0     1                 r0fg1_export_permit
    2e68     2e68        0     1                 r0fg1_export_status
    2e69     2e69        0     1                 r0fg1_export_error
    2e6a     2e6a        0     1                 r0fg1_export_files
    2e6b     2e6b        0     1                 r0fg1_export_bytes
    2e6f     2e6f        0     1                 r0fg1_export_remaining
    2e73     2e73        0     1                 r0fg1_export_source
    2e77     2e77        0     1                 r0fg1_export_chunk
    2e79     2e79        0     1                 r0fg1_export_copy_left
    2e7b     2e7b        0     1                 r0fg1_export_filename
    2e80     2e80      18c     1         /Users/slice/Developer/f65-megawing/build/r0f/group1/integration/GROUP1.prg.lto.o:(.r0fs_protected_data)
    2e80     2e80        1     1                 r0fsi_storage_phase
    2e81     2e81        1     1                 r0fsi_storage_error
    2e82     2e82        1     1                 r0fsi_storage_returned
    2e83     2e83        1     1                 r0fsi_storage_denied
    2e84     2e84        1     1                 r0fsi_permit
    2e85     2e85        1     1                 r0fsi_input
    2e86     2e86        1     1                 r0fsi_output
    2e87     2e87        1     1                 r0fsi_input_end
    2e88     2e88        1     1                 r0fsi_output_end
    2e89     2e89       20     1                 r0fsi_token
    2ea9     2ea9       20     1                 r0fsi_read
    2ec9     2ec9       20     1                 r0fsi_payload
    2ee9     2ee9        4     1                 r0fsi_end
    2eed     2eed        1     1                 r0fsi_app_sp
    2eee     2eee        2     1                 r0fsi_context_offset
    2ef0     2ef0        1     1                 r0fsi_context_length
    2ef1     2ef1        1     1                 r0fsi_context_region
    2ef2     2ef2        1     1                 r0fsi_context_copy_ok
    2ef3     2ef3       ff     1                 r0fsi_context_buffer
    2ff2     2ff2        1     1                 r0f_pf_cpu_port
    2ff3     2ff3        2     1                 r0f_pf_irq_count
    2ff5     2ff5        1     1                 r0f_pf_irq_seq
    2ff6     2ff6        1     1                 r0f_pf_irq_seen
    2ff7     2ff7        7     1                 r0f_pf_probe_regs
    2ffe     2ffe        1     1                 r0f_pf_copy_ok
    2fff     2fff        2     1                 r0f_pf_probe_timeout
    3001     3001        1     1                 r0f_pf_nmi_seen
    3002     3002        9     1                 r0f_pf_copy_request
    300b     300b        1     1                 r0f_pf_stack_high
    300c     300c     77b6     1 .text
    300c     300c        0     1         _init = .
    300c     300c        0     1         _start = .
    300c     300c       c5     1         /var/folders/bt/gybs30z52sx1jjjhm2h7_nj80000gq/T/successor_admission_45gs02-6f3b66.o:(.init.005)
    300c     300c        0     1                 r0fs_pre_c_capture
    30d1     30d1        0     1                 r0fs_pre_c_capture_end
    30d1     30d1       c5     1         /var/folders/bt/gybs30z52sx1jjjhm2h7_nj80000gq/T/group1_export_capture_45gs02-a1cdfe.o:(.init.006)
    30d1     30d1        0     1                 r0fg1_export_capture
    3196     3196        0     1                 r0fg1_export_capture_end
    3196     3196        e     1         /Users/slice/Developer/f65-megawing/toolchain/runtime/llvm-mos/bin/../mos-platform/mega65/lib/unmap-basic.o:(.init.010)
    31a4     31a4        3     1         /var/folders/bt/gybs30z52sx1jjjhm2h7_nj80000gq/T/r0a_platform_45gs02-5dd01f.o:(.init.011)
    31a4     31a4        0     1                 f65_basepage_enter
    31a7     31a7        8     1         /Users/slice/Developer/f65-megawing/toolchain/runtime/llvm-mos/bin/../mos-platform/mega65/lib/libcrt0.a(init-stack.S.obj):(.init.100)
    31a7     31a7        0     1                 __do_init_stack
    31af     31af        3     1         /Users/slice/Developer/f65-megawing/toolchain/runtime/llvm-mos/bin/../mos-platform/mega65/lib/libcrt0.a(zero-bss.c.obj):(.init.200)
    31af     31af        0     1                 __do_zero_bss
    31b2     31b2        3     1         /Users/slice/Developer/f65-megawing/toolchain/runtime/llvm-mos/bin/../mos-platform/common/lib/crt0.o:(.call_main)
    31b5     31b5        3     1         /Users/slice/Developer/f65-megawing/toolchain/runtime/llvm-mos/bin/../mos-platform/mega65/lib/libcrt0.a(exit-custom.S.obj):(.after_main)
    31b5     31b5        0     1                 __after_main
    31b8     31b8        0     1         _fini = .
    31b8     31b8        3     1         /var/folders/bt/gybs30z52sx1jjjhm2h7_nj80000gq/T/r0a_platform_45gs02-5dd01f.o:(.fini.989)
    31b8     31b8        0     1                 f65_basepage_leave
    31bb     31bb        a     1         /Users/slice/Developer/f65-megawing/toolchain/runtime/llvm-mos/bin/../mos-platform/mega65/lib/unmap-basic.o:(.fini.990)
    31c5     31c5        1     1         /Users/slice/Developer/f65-megawing/toolchain/runtime/llvm-mos/bin/../mos-platform/common/lib/crt0.o:(.fini_rts)
    31c6     31c6        3     1         /var/folders/bt/gybs30z52sx1jjjhm2h7_nj80000gq/T/successor_integration_45gs02-710a83.o:(.text.r0fsi_status)
    31c6     31c6        0     1                 r0fsi_irq_cpu_status
    31c9     31c9       b4     1         /var/folders/bt/gybs30z52sx1jjjhm2h7_nj80000gq/T/combined_45gs02-459219.o:(.text.r0fc_platform)
    31c9     31c9        0     1                 r0fc_rom_toggle
    31ec     31ec        0     1                 r0fc_stack_seed
    3233     3233        0     1                 r0fc_stack_measure
    327d     327d       fa     1         /var/folders/bt/gybs30z52sx1jjjhm2h7_nj80000gq/T/group1_irq_45gs02-45b6e2.o:(.text.r0fg1_irq)
    327d     327d        0     1                 r0fg1_irq_begin
    3295     3295        0     1                 r0fg1_irq_end
    3328     3328        0     1                 r0fg1_irq_read
    3377     3377        0     1                 r0fg1_irq_timing_end
    3377     3377       13     1         /Users/slice/Developer/f65-megawing/toolchain/runtime/llvm-mos/bin/../mos-platform/mega65/lib/libcrt0.a(zero-bss.c.obj):(.text.__zero_bss)
    3377     3377       13     1                 __zero_bss
    338a     338a      bb9     1         /Users/slice/Developer/f65-megawing/build/r0f/group1/integration/GROUP1.prg.lto.o:(.text.main)
    338a     338a      bb9     1                 main
    3f43     3f43       14     1         /Users/slice/Developer/f65-megawing/build/r0f/group1/integration/GROUP1.prg.lto.o:(.text.lockout)
    3f43     3f43       14     1                 lockout
    3f57     3f57      115     1         /Users/slice/Developer/f65-megawing/build/r0f/group1/integration/GROUP1.prg.lto.o:(.text.context_crc)
    3f57     3f57      115     1                 context_crc
    406c     406c       89     1         /Users/slice/Developer/f65-megawing/build/r0f/group1/integration/GROUP1.prg.lto.o:(.text.context_valid)
    406c     406c       89     1                 context_valid
    40f5     40f5      109     1         /Users/slice/Developer/f65-megawing/build/r0f/group1/integration/GROUP1.prg.lto.o:(.text.dos_copy)
    40f5     40f5      109     1                 dos_copy
    41fe     41fe      1c7     1         /Users/slice/Developer/f65-megawing/build/r0f/group1/integration/GROUP1.prg.lto.o:(.text.dos_crc)
    41fe     41fe      1c7     1                 dos_crc
    43c5     43c5       19     1         /Users/slice/Developer/f65-megawing/build/r0f/group1/integration/GROUP1.prg.lto.o:(.text.transition)
    43c5     43c5       19     1                 transition
    43de     43de      181     1         /Users/slice/Developer/f65-megawing/build/r0f/group1/integration/GROUP1.prg.lto.o:(.text.display_begin)
    43de     43de      181     1                 display_begin
    455f     455f      22d     1         /Users/slice/Developer/f65-megawing/build/r0f/group1/integration/GROUP1.prg.lto.o:(.text.run_ticks)
    455f     455f      22d     1                 run_ticks
    478c     478c      472     1         /Users/slice/Developer/f65-megawing/build/r0f/group1/integration/GROUP1.prg.lto.o:(.text.storage_transition)
    478c     478c      472     1                 storage_transition
    4bfe     4bfe       2a     1         /Users/slice/Developer/f65-megawing/build/r0f/group1/integration/GROUP1.prg.lto.o:(.text.display_abandon_and_suspend)
    4bfe     4bfe       2a     1                 display_abandon_and_suspend
    4c28     4c28       24     1         /Users/slice/Developer/f65-megawing/build/r0f/group1/integration/GROUP1.prg.lto.o:(.text.restore_rom_after_display_suspend)
    4c28     4c28       24     1                 restore_rom_after_display_suspend
    4c4c     4c4c       3c     1         /Users/slice/Developer/f65-megawing/build/r0f/group1/integration/GROUP1.prg.lto.o:(.text.display_restore)
    4c4c     4c4c       3c     1                 display_restore
    4c88     4c88       1e     1         /Users/slice/Developer/f65-megawing/build/r0f/group1/integration/GROUP1.prg.lto.o:(.text.result_u16)
    4c88     4c88       1e     1                 result_u16
    4ca6     4ca6       2a     1         /Users/slice/Developer/f65-megawing/build/r0f/group1/integration/GROUP1.prg.lto.o:(.text.result_u32)
    4ca6     4ca6       2a     1                 result_u32
    4cd0     4cd0       30     1         /Users/slice/Developer/f65-megawing/build/r0f/group1/integration/GROUP1.prg.lto.o:(.text.display_drain)
    4cd0     4cd0       30     1                 display_drain
    4d00     4d00       29     1         /Users/slice/Developer/f65-megawing/build/r0f/group1/integration/GROUP1.prg.lto.o:(.text.display_suspend)
    4d00     4d00       29     1                 display_suspend
    4d29     4d29       bd     1         /Users/slice/Developer/f65-megawing/build/r0f/group1/integration/GROUP1.prg.lto.o:(.text.low_application_copy)
    4d29     4d29       bd     1                 low_application_copy
    4de6     4de6       3c     1         /Users/slice/Developer/f65-megawing/build/r0f/group1/integration/GROUP1.prg.lto.o:(.text.reclaim_after_storage)
    4de6     4de6       3c     1                 reclaim_after_storage
    4e22     4e22       21     1         /Users/slice/Developer/f65-megawing/build/r0f/group1/integration/GROUP1.prg.lto.o:(.text.display_resume)
    4e22     4e22       21     1                 display_resume
    4e43     4e43       3f     1         /Users/slice/Developer/f65-megawing/build/r0f/group1/integration/GROUP1.prg.lto.o:(.text.display_configure)
    4e43     4e43       3f     1                 display_configure
    4e82     4e82       3e     1         /Users/slice/Developer/f65-megawing/build/r0f/group1/integration/GROUP1.prg.lto.o:(.text.display_quantum)
    4e82     4e82       3e     1                 display_quantum
    4ec0     4ec0      20f     1         /Users/slice/Developer/f65-megawing/build/r0f/group1/integration/GROUP1.prg.lto.o:(.text.display_quantum_work)
    4ec0     4ec0      20f     1                 display_quantum_work
    50cf     50cf       1d     1         /Users/slice/Developer/f65-megawing/build/r0f/group1/integration/GROUP1.prg.lto.o:(.text.application_dma)
    50cf     50cf       1d     1                 application_dma
    50ec     50ec      1ee     1         /Users/slice/Developer/f65-megawing/build/r0f/group1/integration/GROUP1.prg.lto.o:(.text.run_authoritative_tick)
    50ec     50ec      1ee     1                 run_authoritative_tick
    52da     52da       3e     1         /Users/slice/Developer/f65-megawing/build/r0f/group1/integration/GROUP1.prg.lto.o:(.text.group1_input_service)
    52da     52da       3e     1                 group1_input_service
    5318     5318       3e     1         /Users/slice/Developer/f65-megawing/build/r0f/group1/integration/GROUP1.prg.lto.o:(.text.group1_audio_service)
    5318     5318       3e     1                 group1_audio_service
    5356     5356       ef     1         /Users/slice/Developer/f65-megawing/build/r0f/group1/integration/GROUP1.prg.lto.o:(.text.fixed_physical_copy)
    5356     5356       ef     1                 fixed_physical_copy
    5445     5445       72     1         /Users/slice/Developer/f65-megawing/build/r0f/group1/integration/GROUP1.prg.lto.o:(.text.crc_update)
    5445     5445       72     1                 crc_update
    54b7     54b7       13     1         /Users/slice/Developer/f65-megawing/build/r0f/group1/integration/GROUP1.prg.lto.o:(.text.context_read)
    54b7     54b7       13     1                 context_read
    54ca     54ca       1d     1         /Users/slice/Developer/f65-megawing/build/r0f/group1/integration/GROUP1.prg.lto.o:(.text.r0fsi_irq_select_line)
    54ca     54ca       1d     1                 r0fsi_irq_select_line
    54e7     54e7        7     1         /Users/slice/Developer/f65-megawing/build/r0f/group1/integration/GROUP1.prg.lto.o:(.text.read_register)
    54e7     54e7        7     1                 read_register
    54ee     54ee        9     1         /Users/slice/Developer/f65-megawing/build/r0f/group1/integration/GROUP1.prg.lto.o:(.text.write_register)
    54ee     54ee        9     1                 write_register
    54f7     54f7       3e     1         /Users/slice/Developer/f65-megawing/build/r0f/group1/integration/GROUP1.prg.lto.o:(.text.r0fsi_prepare_rom_toggle)
    54f7     54f7       3e     1                 r0fsi_prepare_rom_toggle
    5535     5535       96     1         /Users/slice/Developer/f65-megawing/build/r0f/group1/integration/GROUP1.prg.lto.o:(.text.r0fsi_irq_snapshot)
    5535     5535       96     1                 r0fsi_irq_snapshot
    55cb     55cb        c     1         /Users/slice/Developer/f65-megawing/build/r0f/group1/integration/GROUP1.prg.lto.o:(.text.read_irq_byte)
    55cb     55cb        c     1                 read_irq_byte
    55d7     55d7       10     1         /Users/slice/Developer/f65-megawing/build/r0f/group1/integration/GROUP1.prg.lto.o:(.text.r0fs_transition)
    55d7     55d7       10     1                 r0fs_transition
    55e7     55e7        e     1         /Users/slice/Developer/f65-megawing/build/r0f/group1/integration/GROUP1.prg.lto.o:(.text.r0fs_storage_allowed)
    55e7     55e7        e     1                 r0fs_storage_allowed
    55f5     55f5        a     1         /Users/slice/Developer/f65-megawing/build/r0f/group1/integration/GROUP1.prg.lto.o:(.text.r0fs_resume_allowed)
    55f5     55f5        a     1                 r0fs_resume_allowed
    55ff     55ff       19     1         /Users/slice/Developer/f65-megawing/build/r0f/group1/integration/GROUP1.prg.lto.o:(.text.r0fs_completion_allowed)
    55ff     55ff       19     1                 r0fs_completion_allowed
    5618     5618       6e     1         /Users/slice/Developer/f65-megawing/build/r0f/group1/integration/GROUP1.prg.lto.o:(.text.r0fs_final_fault)
    5618     5618       6e     1                 r0fs_final_fault
    5686     5686        7     1         /Users/slice/Developer/f65-megawing/build/r0f/group1/integration/GROUP1.prg.lto.o:(.text.r0fs_post_storage_tick_fault)
    5686     5686        7     1                 r0fs_post_storage_tick_fault
    568d     568d       6e     1         /Users/slice/Developer/f65-megawing/build/r0f/group1/integration/GROUP1.prg.lto.o:(.text.r0fs_crc32_update)
    568d     568d       6e     1                 r0fs_crc32_update
    56fb     56fb       2e     1         /Users/slice/Developer/f65-megawing/build/r0f/group1/integration/GROUP1.prg.lto.o:(.text.r0fc_edge_sample)
    56fb     56fb       2e     1                 r0fc_edge_sample
    5729     5729       12     1         /Users/slice/Developer/f65-megawing/build/r0f/group1/integration/GROUP1.prg.lto.o:(.text.bits)
    5729     5729       12     1                 bits
    573b     573b       52     1         /Users/slice/Developer/f65-megawing/build/r0f/group1/integration/GROUP1.prg.lto.o:(.text.r0fc_edge_consume)
    573b     573b       52     1                 r0fc_edge_consume
    578d     578d      2c6     1         /Users/slice/Developer/f65-megawing/build/r0f/group1/integration/GROUP1.prg.lto.o:(.text.cfratio)
    578d     578d      2c6     1                 cfratio
    5a53     5a53       42     1         /Users/slice/Developer/f65-megawing/build/r0f/group1/integration/GROUP1.prg.lto.o:(.text.r0fc_hash)
    5a53     5a53       42     1                 r0fc_hash
    5a95     5a95       cd     1         /Users/slice/Developer/f65-megawing/build/r0f/group1/integration/GROUP1.prg.lto.o:(.text.r0fc_reset)
    5a95     5a95       cd     1                 r0fc_reset
    5b62     5b62       25     1         /Users/slice/Developer/f65-megawing/build/r0f/group1/integration/GROUP1.prg.lto.o:(.text.r0fc_event)
    5b62     5b62       25     1                 r0fc_event
    5b87     5b87      505     1         /Users/slice/Developer/f65-megawing/build/r0f/group1/integration/GROUP1.prg.lto.o:(.text.r0fc_tick)
    5b87     5b87      505     1                 r0fc_tick
    608c     608c       45     1         /Users/slice/Developer/f65-megawing/build/r0f/group1/integration/GROUP1.prg.lto.o:(.text.r0fc_snap_reset)
    608c     608c       45     1                 r0fc_snap_reset
    60d1     60d1      180     1         /Users/slice/Developer/f65-megawing/build/r0f/group1/integration/GROUP1.prg.lto.o:(.text.r0fc_publish)
    60d1     60d1      180     1                 r0fc_publish
    6251     6251       99     1         /Users/slice/Developer/f65-megawing/build/r0f/group1/integration/GROUP1.prg.lto.o:(.text.r0fc_acquire)
    6251     6251       99     1                 r0fc_acquire
    62ea     62ea       10     1         /Users/slice/Developer/f65-megawing/build/r0f/group1/integration/GROUP1.prg.lto.o:(.text.r0fc_release)
    62ea     62ea       10     1                 r0fc_release
    62fa     62fa      15f     1         /Users/slice/Developer/f65-megawing/build/r0f/group1/integration/GROUP1.prg.lto.o:(.text.r0fc_range)
    62fa     62fa      15f     1                 r0fc_range
    6459     6459       ba     1         /Users/slice/Developer/f65-megawing/build/r0f/group1/integration/GROUP1.prg.lto.o:(.text.inside)
    6459     6459       ba     1                 inside
    6513     6513      10c     1         /Users/slice/Developer/f65-megawing/build/r0f/group1/integration/GROUP1.prg.lto.o:(.text.r0fc_dma_encode)
    6513     6513      10c     1                 r0fc_dma_encode
    661f     661f       1e     1         /Users/slice/Developer/f65-megawing/build/r0f/group1/integration/GROUP1.prg.lto.o:(.text.cfput16)
    661f     661f       1e     1                 cfput16
    663d     663d       2a     1         /Users/slice/Developer/f65-megawing/build/r0f/group1/integration/GROUP1.prg.lto.o:(.text.cfput32)
    663d     663d       2a     1                 cfput32
    6667     6667       2c     1         /Users/slice/Developer/f65-megawing/build/r0f/group1/integration/GROUP1.prg.lto.o:(.text.cfget32)
    6667     6667       2c     1                 cfget32
    6693     6693       6a     1         /Users/slice/Developer/f65-megawing/build/r0f/group1/integration/GROUP1.prg.lto.o:(.text.cfadd)
    6693     6693       6a     1                 cfadd
    66fd     66fd       5f     1         /Users/slice/Developer/f65-megawing/build/r0f/group1/integration/GROUP1.prg.lto.o:(.text.cfcrc)
    66fd     66fd       5f     1                 cfcrc
    675c     675c       54     1         /Users/slice/Developer/f65-megawing/build/r0f/group1/integration/GROUP1.prg.lto.o:(.text.crc_byte)
    675c     675c       54     1                 crc_byte
    67b0     67b0       90     1         /Users/slice/Developer/f65-megawing/build/r0f/group1/integration/GROUP1.prg.lto.o:(.text.cfline)
    67b0     67b0       90     1                 cfline
    6840     6840       13     1         /Users/slice/Developer/f65-megawing/build/r0f/group1/integration/GROUP1.prg.lto.o:(.text.screen_byte)
    6840     6840       13     1                 screen_byte
    6853     6853      1cf     1         /Users/slice/Developer/f65-megawing/build/r0f/group1/integration/GROUP1.prg.lto.o:(.text.cfcopy)
    6853     6853      1cf     1                 cfcopy
    6a22     6a22       9e     1         /Users/slice/Developer/f65-megawing/build/r0f/group1/integration/GROUP1.prg.lto.o:(.text.cfhex)
    6a22     6a22       9e     1                 cfhex
    6ac0     6ac0       54     1         /Users/slice/Developer/f65-megawing/build/r0f/group1/integration/GROUP1.prg.lto.o:(.text.cfscreen)
    6ac0     6ac0       54     1                 cfscreen
    6b14     6b14      1c5     1         /Users/slice/Developer/f65-megawing/build/r0f/group1/integration/GROUP1.prg.lto.o:(.text.cfphysical_crc)
    6b14     6b14      1c5     1                 cfphysical_crc
    6cd9     6cd9       7a     1         /Users/slice/Developer/f65-megawing/build/r0f/group1/integration/GROUP1.prg.lto.o:(.text.cfentry)
    6cd9     6cd9       7a     1                 cfentry
    6d53     6d53      254     1         /Users/slice/Developer/f65-megawing/build/r0f/group1/integration/GROUP1.prg.lto.o:(.text.cfrom_begin)
    6d53     6d53      254     1                 cfrom_begin
    6fa7     6fa7      2c4     1         /Users/slice/Developer/f65-megawing/build/r0f/group1/integration/GROUP1.prg.lto.o:(.text.cfrom_restore)
    6fa7     6fa7      2c4     1                 cfrom_restore
    726b     726b       33     1         /Users/slice/Developer/f65-megawing/build/r0f/group1/integration/GROUP1.prg.lto.o:(.text.cfclock_begin)
    726b     726b       33     1                 cfclock_begin
    729e     729e       8e     1         /Users/slice/Developer/f65-megawing/build/r0f/group1/integration/GROUP1.prg.lto.o:(.text.cfnow)
    729e     729e       8e     1                 cfnow
    732c     732c       a1     1         /Users/slice/Developer/f65-megawing/build/r0f/group1/integration/GROUP1.prg.lto.o:(.text.cfframe_wait)
    732c     732c       a1     1                 cfframe_wait
    73cd     73cd       a1     1         /Users/slice/Developer/f65-megawing/build/r0f/group1/integration/GROUP1.prg.lto.o:(.text.cfinput)
    73cd     73cd       a1     1                 cfinput
    746e     746e      139     1         /Users/slice/Developer/f65-megawing/build/r0f/group1/integration/GROUP1.prg.lto.o:(.text.cfaudio_service)
    746e     746e      139     1                 cfaudio_service
    75a7     75a7      63c     1         /Users/slice/Developer/f65-megawing/build/r0f/group1/integration/GROUP1.prg.lto.o:(.text.cfcalibrate)
    75a7     75a7      63c     1                 cfcalibrate
    7be3     7be3      16e     1         /Users/slice/Developer/f65-megawing/build/r0f/group1/integration/GROUP1.prg.lto.o:(.text.cfdma)
    7be3     7be3      16e     1                 cfdma
    7d51     7d51       19     1         /Users/slice/Developer/f65-megawing/build/r0f/group1/integration/GROUP1.prg.lto.o:(.text.cfaudio_stop)
    7d51     7d51       19     1                 cfaudio_stop
    7d6a     7d6a       b7     1         /Users/slice/Developer/f65-megawing/build/r0f/group1/integration/GROUP1.prg.lto.o:(.text.cfaudio_begin)
    7d6a     7d6a       b7     1                 cfaudio_begin
    7e21     7e21       9f     1         /Users/slice/Developer/f65-megawing/build/r0f/group1/integration/GROUP1.prg.lto.o:(.text.cfinput_tick)
    7e21     7e21       9f     1                 cfinput_tick
    7ec0     7ec0       1c     1         /Users/slice/Developer/f65-megawing/build/r0f/group1/integration/GROUP1.prg.lto.o:(.text.r0fg1_export_activate)
    7ec0     7ec0       1c     1                 r0fg1_export_activate
    7edc     7edc       c4     1         /Users/slice/Developer/f65-megawing/build/r0f/group1/integration/GROUP1.prg.lto.o:(.text.r0fg1_export_append)
    7edc     7edc       c4     1                 r0fg1_export_append
    7fa0     7fa0       70     1         /Users/slice/Developer/f65-megawing/build/r0f/group1/integration/GROUP1.prg.lto.o:(.text.r0fg1_export_freeze)
    7fa0     7fa0       70     1                 r0fg1_export_freeze
    8010     8010       a6     1         /Users/slice/Developer/f65-megawing/build/r0f/group1/integration/GROUP1.prg.lto.o:(.text.r0fg1_export_begin)
    8010     8010       a6     1                 r0fg1_export_begin
    80b6     80b6        e     1         /Users/slice/Developer/f65-megawing/build/r0f/group1/integration/GROUP1.prg.lto.o:(.text.r0fg1_transport_init)
    80b6     80b6        e     1                 r0fg1_transport_init
    80c4     80c4      1c9     1         /Users/slice/Developer/f65-megawing/build/r0f/group1/integration/GROUP1.prg.lto.o:(.text.validate_capsule)
    80c4     80c4      1c9     1                 validate_capsule
    828d     828d      1c2     1         /Users/slice/Developer/f65-megawing/build/r0f/group1/integration/GROUP1.prg.lto.o:(.text.transfer.104)
    828d     828d      1c2     1                 transfer.104
    844f     844f       48     1         /Users/slice/Developer/f65-megawing/build/r0f/group1/integration/GROUP1.prg.lto.o:(.text.r0fg1_trace_write)
    844f     844f       48     1                 r0fg1_trace_write
    8497     8497       48     1         /Users/slice/Developer/f65-megawing/build/r0f/group1/integration/GROUP1.prg.lto.o:(.text.r0fg1_trace_read)
    8497     8497       48     1                 r0fg1_trace_read
    84df     84df      30c     1         /Users/slice/Developer/f65-megawing/build/r0f/group1/integration/GROUP1.prg.lto.o:(.text.r0fg1_transport_prepare)
    84df     84df      30c     1                 r0fg1_transport_prepare
    87eb     87eb        3     1         /Users/slice/Developer/f65-megawing/build/r0f/group1/integration/GROUP1.prg.lto.o:(.text.r0fg1_capture_init)
    87eb     87eb        3     1                 r0fg1_capture_init
    87ee     87ee      2a7     1         /Users/slice/Developer/f65-megawing/build/r0f/group1/integration/GROUP1.prg.lto.o:(.text.r0fg1_calibration)
    87ee     87ee      2a7     1                 r0fg1_calibration
    8a95     8a95       7d     1         /Users/slice/Developer/f65-megawing/build/r0f/group1/integration/GROUP1.prg.lto.o:(.text.put32)
    8a95     8a95       7d     1                 put32
    8b12     8b12        8     1         /Users/slice/Developer/f65-megawing/build/r0f/group1/integration/GROUP1.prg.lto.o:(.text.put16)
    8b12     8b12        8     1                 put16
    8b1a     8b1a       48     1         /Users/slice/Developer/f65-megawing/build/r0f/group1/integration/GROUP1.prg.lto.o:(.text.r0fg1_phase)
    8b1a     8b1a       48     1                 r0fg1_phase
    8b62     8b62        4     1         /Users/slice/Developer/f65-megawing/build/r0f/group1/integration/GROUP1.prg.lto.o:(.text.r0fg1_phase_end)
    8b62     8b62        4     1                 r0fg1_phase_end
    8b66     8b66       8b     1         /Users/slice/Developer/f65-megawing/build/r0f/group1/integration/GROUP1.prg.lto.o:(.text.r0fg1_tick_open)
    8b66     8b66       8b     1                 r0fg1_tick_open
    8bf1     8bf1       16     1         /Users/slice/Developer/f65-megawing/build/r0f/group1/integration/GROUP1.prg.lto.o:(.text.r0fg1_tick_start)
    8bf1     8bf1       16     1                 r0fg1_tick_start
    8c07     8c07       1e     1         /Users/slice/Developer/f65-megawing/build/r0f/group1/integration/GROUP1.prg.lto.o:(.text.r0fg1_stage_begin)
    8c07     8c07       1e     1                 r0fg1_stage_begin
    8c25     8c25       85     1         /Users/slice/Developer/f65-megawing/build/r0f/group1/integration/GROUP1.prg.lto.o:(.text.r0fg1_stage_end)
    8c25     8c25       85     1                 r0fg1_stage_end
    8caa     8caa       9c     1         /Users/slice/Developer/f65-megawing/build/r0f/group1/integration/GROUP1.prg.lto.o:(.text.duration)
    8caa     8caa       9c     1                 duration
    8d46     8d46        1     1         /Users/slice/Developer/f65-megawing/build/r0f/group1/integration/GROUP1.prg.lto.o:(.text.get16)
    8d46     8d46        1     1                 get16
    8d47     8d47       68     1         /Users/slice/Developer/f65-megawing/build/r0f/group1/integration/GROUP1.prg.lto.o:(.text.r0fg1_service)
    8d47     8d47       68     1                 r0fg1_service
    8daf     8daf       c8     1         /Users/slice/Developer/f65-megawing/build/r0f/group1/integration/GROUP1.prg.lto.o:(.text.r0fg1_dma)
    8daf     8daf       c8     1                 r0fg1_dma
    8e77     8e77      1c6     1         /Users/slice/Developer/f65-megawing/build/r0f/group1/integration/GROUP1.prg.lto.o:(.text.r0fg1_world)
    8e77     8e77      1c6     1                 r0fg1_world
    903d     903d      2f3     1         /Users/slice/Developer/f65-megawing/build/r0f/group1/integration/GROUP1.prg.lto.o:(.text.r0fg1_tick_close)
    903d     903d      2f3     1                 r0fg1_tick_close
    9330     9330       19     1         /Users/slice/Developer/f65-megawing/build/r0f/group1/integration/GROUP1.prg.lto.o:(.text.r0fg1_next_tick)
    9330     9330       19     1                 r0fg1_next_tick
    9349     9349      9fb     1         /Users/slice/Developer/f65-megawing/build/r0f/group1/integration/GROUP1.prg.lto.o:(.text.r0fg1_capture_finish)
    9349     9349      9fb     1                 r0fg1_capture_finish
    9d44     9d44       5a     1         /Users/slice/Developer/f65-megawing/build/r0f/group1/integration/GROUP1.prg.lto.o:(.text.r0fg1_clock_init)
    9d44     9d44       5a     1                 r0fg1_clock_init
    9d9e     9d9e       63     1         /Users/slice/Developer/f65-megawing/build/r0f/group1/integration/GROUP1.prg.lto.o:(.text.r0fg1_next_release)
    9d9e     9d9e       63     1                 r0fg1_next_release
    9e01     9e01       2c     1         /Users/slice/Developer/f65-megawing/build/r0f/group1/integration/GROUP1.prg.lto.o:(.text.r0fg1_clock_advance)
    9e01     9e01       2c     1                 r0fg1_clock_advance
    9e2d     9e2d      2e9     1         /Users/slice/Developer/f65-megawing/build/r0f/group1/integration/GROUP1.prg.lto.o:(.text.r0fg1_workload_stage)
    9e2d     9e2d      2e9     1                 r0fg1_workload_stage
    a116     a116      199     1         /Users/slice/Developer/f65-megawing/build/r0f/group1/integration/GROUP1.prg.lto.o:(.text.r0fg1_workload_hash)
    a116     a116      199     1                 r0fg1_workload_hash
    a2af     a2af       29     1         /Users/slice/Developer/f65-megawing/build/r0f/group1/integration/GROUP1.prg.lto.o:(.text.r0fg1_ai_runs)
    a2af     a2af       29     1                 r0fg1_ai_runs
    a2d8     a2d8        7     1         /Users/slice/Developer/f65-megawing/build/r0f/group1/integration/GROUP1.prg.lto.o:(.text.r0fg1_causality_errors)
    a2d8     a2d8        7     1                 r0fg1_causality_errors
    a2df     a2df        5     1         /Users/slice/Developer/f65-megawing/build/r0f/group1/integration/GROUP1.prg.lto.o:(.text.exit)
    a2df     a2df        5     1                 exit
    a2e4     a2e4       1c     1         /Users/slice/Developer/f65-megawing/build/r0f/group1/integration/GROUP1.prg.lto.o:(.text.__memset)
    a2e4     a2e4       1c     1                 __memset
    a300     a300       17     1         /Users/slice/Developer/f65-megawing/build/r0f/group1/integration/GROUP1.prg.lto.o:(.text.__lshrsi3)
    a300     a300       17     1                 __lshrsi3
    a317     a317       bd     1         /Users/slice/Developer/f65-megawing/build/r0f/group1/integration/GROUP1.prg.lto.o:(.text.__udivhi3)
    a317     a317       bd     1                 __udivhi3
    a3d4     a3d4       45     1         /Users/slice/Developer/f65-megawing/build/r0f/group1/integration/GROUP1.prg.lto.o:(.text.__umodqi3)
    a3d4     a3d4       45     1                 __umodqi3
    a419     a419       a6     1         /Users/slice/Developer/f65-megawing/build/r0f/group1/integration/GROUP1.prg.lto.o:(.text.__umodhi3)
    a419     a419       a6     1                 __umodhi3
    a4bf     a4bf       d8     1         /Users/slice/Developer/f65-megawing/build/r0f/group1/integration/GROUP1.prg.lto.o:(.text.__udivmodhi4)
    a4bf     a4bf       d8     1                 __udivmodhi4
    a597     a597      1b2     1         /Users/slice/Developer/f65-megawing/build/r0f/group1/integration/GROUP1.prg.lto.o:(.text.__udivmodsi4)
    a597     a597      1b2     1                 __udivmodsi4
    a749     a749       79     1         /Users/slice/Developer/f65-megawing/build/r0f/group1/integration/GROUP1.prg.lto.o:(.text.__mulsi3)
    a749     a749       79     1                 __mulsi3
    a7c2     a7c2        0     1         __init_array_start = .
    a7c2     a7c2        0     1         __init_array_end = .
    a7c2     a7c2        0     1         __fini_array_start = .
    a7c2     a7c2        0     1         __fini_array_end = .
    a7c2     a7c2      58b     1 .rodata
    a7c2     a7c2        1     1         /Users/slice/Developer/f65-megawing/toolchain/runtime/llvm-mos/bin/../mos-platform/common/lib/libcrt.a(const.S.obj):(.rodata)
    a7c2     a7c2        0     1                 __set_v
    a7c3     a7c3        8     1         /Users/slice/Developer/f65-megawing/build/r0f/group1/integration/GROUP1.prg.lto.o:(.rodata.dos_copy)
    a7cb     a7cb       1c     1         /Users/slice/Developer/f65-megawing/build/r0f/group1/integration/GROUP1.prg.lto.o:(.rodata.r0fc_tick)
    a7e7     a7e7      10d     1         <internal>:(.rodata.str1.1)
    a8f4     a8f4       1e     1         /Users/slice/Developer/f65-megawing/build/r0f/group1/integration/GROUP1.prg.lto.o:(.rodata.display_registers)
    a8f4     a8f4       1e     1                 display_registers
    a912     a912      400     1         /Users/slice/Developer/f65-megawing/build/r0f/group1/integration/GROUP1.prg.lto.o:(.rodata.r0fs_crc32_update.crc_table)
    a912     a912      400     1                 r0fs_crc32_update.crc_table
    ad12     ad12       38     1         /Users/slice/Developer/f65-megawing/build/r0f/group1/integration/GROUP1.prg.lto.o:(.rodata.r0fc_range.ranges)
    ad12     ad12       38     1                 r0fc_range.ranges
    ad4a     ad4a        3     1         /Users/slice/Developer/f65-megawing/build/r0f/group1/integration/GROUP1.prg.lto.o:(.rodata.r0fg1_workload_stage.cadence)
    ad4a     ad4a        3     1                 r0fg1_workload_stage.cadence
    ad4d     ad4d       13     1 .data
    ad4d     ad4d        0     1         __data_start = .
    ad4d     ad4d        8     1         /Users/slice/Developer/f65-megawing/build/r0f/group1/integration/GROUP1.prg.lto.o:(.data.irq_observation)
    ad4d     ad4d        8     1                 irq_observation
    ad55     ad55        1     1         /Users/slice/Developer/f65-megawing/build/r0f/group1/integration/GROUP1.prg.lto.o:(.data.iec_before_record)
    ad55     ad55        1     1                 iec_before_record
    ad56     ad56        1     1         /Users/slice/Developer/f65-megawing/build/r0f/group1/integration/GROUP1.prg.lto.o:(.data.iec_after_record)
    ad56     ad56        1     1                 iec_after_record
    ad57     ad57        1     1         /Users/slice/Developer/f65-megawing/build/r0f/group1/integration/GROUP1.prg.lto.o:(.data.reclaim_features_record)
    ad57     ad57        1     1                 reclaim_features_record
    ad58     ad58        4     1         /Users/slice/Developer/f65-megawing/build/r0f/group1/integration/GROUP1.prg.lto.o:(.data.worlds_crc)
    ad58     ad58        4     1                 worlds_crc
    ad5c     ad5c        4     1         /Users/slice/Developer/f65-megawing/build/r0f/group1/integration/GROUP1.prg.lto.o:(.data.records_crc)
    ad5c     ad5c        4     1                 records_crc
    ad60     ad60        0     1         __data_end = .
    ad60     ad60        0     1 __data_load_start = LOADADDR(.data)
    ad60     ad60        0     1 __data_size = SIZEOF(.data)
    ad60     ad60      c0b     1 .bss
    ad60     ad60        0     1         __bss_start = .
    ad60     ad60       1b     1         /var/folders/bt/gybs30z52sx1jjjhm2h7_nj80000gq/T/group1_irq_45gs02-45b6e2.o:(.bss.r0fg1_irq)
    ad60     ad60        0     1                 r0fg1_irq_epoch
    ad61     ad61        0     1                 r0fg1_irq_error
    ad62     ad62        0     1                 r0fg1_irq_summary
    ad72     ad72        0     1                 r0fg1_irq_entered
    ad73     ad73        0     1                 r0fg1_irq_start
    ad77     ad77        0     1                 r0fg1_irq_now
    ad7b     ad7b        1     1         /Users/slice/Developer/f65-megawing/build/r0f/group1/integration/GROUP1.prg.lto.o:(.bss.lifecycle_state)
    ad7b     ad7b        1     1                 lifecycle_state
    ad7c     ad7c        4     1         /Users/slice/Developer/f65-megawing/build/r0f/group1/integration/GROUP1.prg.lto.o:(.bss.context_crc_expected)
    ad7c     ad7c        4     1                 context_crc_expected
    ad80     ad80      3d1     1         /Users/slice/Developer/f65-megawing/build/r0f/group1/integration/GROUP1.prg.lto.o:(.bss.model)
    ad80     ad80      3d1     1                 model
    b151     b151       cb     1         /Users/slice/Developer/f65-megawing/build/r0f/group1/integration/GROUP1.prg.lto.o:(.bss.snapshots)
    b151     b151       cb     1                 snapshots
    b21c     b21c        4     1         /Users/slice/Developer/f65-megawing/build/r0f/group1/integration/GROUP1.prg.lto.o:(.bss.next_deadline)
    b21c     b21c        4     1                 next_deadline
    b220     b220        2     1         /Users/slice/Developer/f65-megawing/build/r0f/group1/integration/GROUP1.prg.lto.o:(.bss.display_services)
    b220     b220        2     1                 display_services
    b222     b222        1     1         /Users/slice/Developer/f65-megawing/build/r0f/group1/integration/GROUP1.prg.lto.o:(.bss.capture_epoch)
    b222     b222        1     1                 capture_epoch
    b223     b223        1     1         /Users/slice/Developer/f65-megawing/build/r0f/group1/integration/GROUP1.prg.lto.o:(.bss.display_started)
    b223     b223        1     1                 display_started
    b224     b224        2     1         /Users/slice/Developer/f65-megawing/build/r0f/group1/integration/GROUP1.prg.lto.o:(.bss.tick_before_record)
    b224     b224        2     1                 tick_before_record
    b226     b226        4     1         /Users/slice/Developer/f65-megawing/build/r0f/group1/integration/GROUP1.prg.lto.o:(.bss.checksum_before_record)
    b226     b226        4     1                 checksum_before_record
    b22a     b22a        4     1         /Users/slice/Developer/f65-megawing/build/r0f/group1/integration/GROUP1.prg.lto.o:(.bss.low_before_record)
    b22a     b22a        4     1                 low_before_record
    b22e     b22e        4     1         /Users/slice/Developer/f65-megawing/build/r0f/group1/integration/GROUP1.prg.lto.o:(.bss.low_after_record)
    b22e     b22e        4     1                 low_after_record
    b232     b232        4     1         /Users/slice/Developer/f65-megawing/build/r0f/group1/integration/GROUP1.prg.lto.o:(.bss.dos_before_record)
    b232     b232        4     1                 dos_before_record
    b236     b236        4     1         /Users/slice/Developer/f65-megawing/build/r0f/group1/integration/GROUP1.prg.lto.o:(.bss.dos_after_record)
    b236     b236        4     1                 dos_after_record
    b23a     b23a        1     1         /Users/slice/Developer/f65-megawing/build/r0f/group1/integration/GROUP1.prg.lto.o:(.bss.context_invalidated_record)
    b23a     b23a        1     1                 context_invalidated_record
    b23b     b23b       ff     1         /Users/slice/Developer/f65-megawing/build/r0f/group1/integration/GROUP1.prg.lto.o:(.bss.transfer)
    b23b     b23b       ff     1                 transfer
    b33a     b33a        f     1         /Users/slice/Developer/f65-megawing/build/r0f/group1/integration/GROUP1.prg.lto.o:(.bss.display_saved)
    b33a     b33a        f     1                 display_saved
    b349     b349        1     1         /Users/slice/Developer/f65-megawing/build/r0f/group1/integration/GROUP1.prg.lto.o:(.bss.display_front)
    b349     b349        1     1                 display_front
    b34a     b34a        1     1         /Users/slice/Developer/f65-megawing/build/r0f/group1/integration/GROUP1.prg.lto.o:(.bss.display_ready)
    b34a     b34a        1     1                 display_ready
    b34b     b34b        1     1         /Users/slice/Developer/f65-megawing/build/r0f/group1/integration/GROUP1.prg.lto.o:(.bss.display_slot)
    b34b     b34b        1     1                 display_slot
    b34c     b34c        2     1         /Users/slice/Developer/f65-megawing/build/r0f/group1/integration/GROUP1.prg.lto.o:(.bss.display_clear_at)
    b34c     b34c        2     1                 display_clear_at
    b34e     b34e        1     1         /Users/slice/Developer/f65-megawing/build/r0f/group1/integration/GROUP1.prg.lto.o:(.bss.display_suspended)
    b34e     b34e        1     1                 display_suspended
    b34f     b34f        1     1         /Users/slice/Developer/f65-megawing/build/r0f/group1/integration/GROUP1.prg.lto.o:(.bss.application_dma_outstanding)
    b34f     b34f        1     1                 application_dma_outstanding
    b350     b350        1     1         /Users/slice/Developer/f65-megawing/build/r0f/group1/integration/GROUP1.prg.lto.o:(.bss.display_frame)
    b350     b350        1     1                 display_frame
    b351     b351        2     1         /Users/slice/Developer/f65-megawing/build/r0f/group1/integration/GROUP1.prg.lto.o:(.bss.display_source_tick)
    b351     b351        2     1                 display_source_tick
    b353     b353        4     1         /Users/slice/Developer/f65-megawing/build/r0f/group1/integration/GROUP1.prg.lto.o:(.bss.display_snapshot_crc)
    b353     b353        4     1                 display_snapshot_crc
    b357     b357       40     1         /Users/slice/Developer/f65-megawing/build/r0f/group1/integration/GROUP1.prg.lto.o:(.bss.display_pixels)
    b357     b357       40     1                 display_pixels
    b397     b397        1     1         /Users/slice/Developer/f65-megawing/build/r0f/group1/integration/GROUP1.prg.lto.o:(.bss.display_suspended_d011)
    b397     b397        1     1                 display_suspended_d011
    b398     b398        1     1         /Users/slice/Developer/f65-megawing/build/r0f/group1/integration/GROUP1.prg.lto.o:(.bss.r0fsi_iec_before)
    b398     b398        1     1                 r0fsi_iec_before
    b399     b399        1     1         /Users/slice/Developer/f65-megawing/build/r0f/group1/integration/GROUP1.prg.lto.o:(.bss.r0fsi_iec_after)
    b399     b399        1     1                 r0fsi_iec_after
    b39a     b39a        1     1         /Users/slice/Developer/f65-megawing/build/r0f/group1/integration/GROUP1.prg.lto.o:(.bss.r0fsi_irq_fault)
    b39a     b39a        1     1                 r0fsi_irq_fault
    b39b     b39b        1     1         /Users/slice/Developer/f65-megawing/build/r0f/group1/integration/GROUP1.prg.lto.o:(.bss.backup_valid)
    b39b     b39b        1     1                 backup_valid
    b39c     b39c       ff     1         /Users/slice/Developer/f65-megawing/build/r0f/group1/integration/GROUP1.prg.lto.o:(.bss.block)
    b39c     b39c       ff     1                 block
    b49b     b49b       ff     1         /Users/slice/Developer/f65-megawing/build/r0f/group1/integration/GROUP1.prg.lto.o:(.bss.cfworkspace)
    b49b     b49b       ff     1                 cfworkspace
    b59a     b59a        1     1         /Users/slice/Developer/f65-megawing/build/r0f/group1/integration/GROUP1.prg.lto.o:(.bss.features_open)
    b59a     b59a        1     1                 features_open
    b59b     b59b        1     1         /Users/slice/Developer/f65-megawing/build/r0f/group1/integration/GROUP1.prg.lto.o:(.bss.r0fc_trap_flags)
    b59b     b59b        1     1                 r0fc_trap_flags
    b59c     b59c        1     1         /Users/slice/Developer/f65-megawing/build/r0f/group1/integration/GROUP1.prg.lto.o:(.bss.r0fc_trap_base)
    b59c     b59c        1     1                 r0fc_trap_base
    b59d     b59d       11     1         /Users/slice/Developer/f65-megawing/build/r0f/group1/integration/GROUP1.prg.lto.o:(.bss.list)
    b59d     b59d       11     1                 list
    b5ae     b5ae        1     1         /Users/slice/Developer/f65-megawing/build/r0f/group1/integration/GROUP1.prg.lto.o:(.bss.pcm_on)
    b5ae     b5ae        1     1                 pcm_on
    b5af     b5af        1     1         /Users/slice/Developer/f65-megawing/build/r0f/group1/integration/GROUP1.prg.lto.o:(.bss.pcm_last)
    b5af     b5af        1     1                 pcm_last
    b5b0     b5b0        4     1         /Users/slice/Developer/f65-megawing/build/r0f/group1/integration/GROUP1.prg.lto.o:(.bss.service_last)
    b5b0     b5b0        4     1                 service_last
    b5b4     b5b4        1     1         /Users/slice/Developer/f65-megawing/build/r0f/group1/integration/GROUP1.prg.lto.o:(.bss.audio_frame)
    b5b4     b5b4        1     1                 audio_frame
    b5b5     b5b5        1     1         /Users/slice/Developer/f65-megawing/build/r0f/group1/integration/GROUP1.prg.lto.o:(.bss.keys_valid)
    b5b5     b5b5        1     1                 keys_valid
    b5b6     b5b6        1     1         /Users/slice/Developer/f65-megawing/build/r0f/group1/integration/GROUP1.prg.lto.o:(.bss.input_frame)
    b5b6     b5b6        1     1                 input_frame
    b5b7     b5b7       18     1         /Users/slice/Developer/f65-megawing/build/r0f/group1/integration/GROUP1.prg.lto.o:(.bss.keys)
    b5b7     b5b7       18     1                 keys
    b5cf     b5cf        3     1         /Users/slice/Developer/f65-megawing/build/r0f/group1/integration/GROUP1.prg.lto.o:(.bss.scripted)
    b5cf     b5cf        3     1                 scripted
    b5d2     b5d2        1     1         /Users/slice/Developer/f65-megawing/build/r0f/group1/integration/GROUP1.prg.lto.o:(.bss.r0fc_features)
    b5d2     b5d2        1     1                 r0fc_features
    b5d3     b5d3        1     1         /Users/slice/Developer/f65-megawing/build/r0f/group1/integration/GROUP1.prg.lto.o:(.bss.r0fc_hardware_seed)
    b5d3     b5d3        1     1                 r0fc_hardware_seed
    b5d4     b5d4        2     1         /Users/slice/Developer/f65-megawing/build/r0f/group1/integration/GROUP1.prg.lto.o:(.bss.r0fc_software_seed)
    b5d4     b5d4        2     1                 r0fc_software_seed
    b5d6     b5d6        4     1         /Users/slice/Developer/f65-megawing/build/r0f/group1/integration/GROUP1.prg.lto.o:(.bss.export.0)
    b5d6     b5d6        4     1                 export.0
    b5da     b5da        1     1         /Users/slice/Developer/f65-megawing/build/r0f/group1/integration/GROUP1.prg.lto.o:(.bss.export.2)
    b5da     b5da        1     1                 export.2
    b5db     b5db       ff     1         /Users/slice/Developer/f65-megawing/build/r0f/group1/integration/GROUP1.prg.lto.o:(.bss.buffer)
    b5db     b5db       ff     1                 buffer
    b6da     b6da        1     1         /Users/slice/Developer/f65-megawing/build/r0f/group1/integration/GROUP1.prg.lto.o:(.bss.cfreclaimed)
    b6da     b6da        1     1                 cfreclaimed
    b6db     b6db        4     1         /Users/slice/Developer/f65-megawing/build/r0f/group1/integration/GROUP1.prg.lto.o:(.bss.capsule_crc)
    b6db     b6db        4     1                 capsule_crc
    b6df     b6df      100     1         /Users/slice/Developer/f65-megawing/build/r0f/group1/integration/GROUP1.prg.lto.o:(.bss.header)
    b6df     b6df      100     1                 header
    b7df     b7df        4     1         /Users/slice/Developer/f65-megawing/build/r0f/group1/integration/GROUP1.prg.lto.o:(.bss.cfperiod)
    b7df     b7df        4     1                 cfperiod
    b7e3     b7e3        4     1         /Users/slice/Developer/f65-megawing/build/r0f/group1/integration/GROUP1.prg.lto.o:(.bss.cfcia_frame)
    b7e3     b7e3        4     1                 cfcia_frame
    b7e7     b7e7        4     1         /Users/slice/Developer/f65-megawing/build/r0f/group1/integration/GROUP1.prg.lto.o:(.bss.cfcycles_frame)
    b7e7     b7e7        4     1                 cfcycles_frame
    b7eb     b7eb        1     1         /Users/slice/Developer/f65-megawing/build/r0f/group1/integration/GROUP1.prg.lto.o:(.bss.epoch)
    b7eb     b7eb        1     1                 epoch
    b7ec     b7ec        1     1         /Users/slice/Developer/f65-megawing/build/r0f/group1/integration/GROUP1.prg.lto.o:(.bss.phase)
    b7ec     b7ec        1     1                 phase
    b7ed     b7ed        4     1         /Users/slice/Developer/f65-megawing/build/r0f/group1/integration/GROUP1.prg.lto.o:(.bss.clock.0)
    b7ed     b7ed        4     1                 clock.0
    b7f1     b7f1        4     1         /Users/slice/Developer/f65-megawing/build/r0f/group1/integration/GROUP1.prg.lto.o:(.bss.clock.1)
    b7f1     b7f1        4     1                 clock.1
    b7f5     b7f5        2     1         /Users/slice/Developer/f65-megawing/build/r0f/group1/integration/GROUP1.prg.lto.o:(.bss.clock.2)
    b7f5     b7f5        2     1                 clock.2
    b7f7     b7f7        1     1         /Users/slice/Developer/f65-megawing/build/r0f/group1/integration/GROUP1.prg.lto.o:(.bss.cffault)
    b7f7     b7f7        1     1                 cffault
    b7f8     b7f8       60     1         /Users/slice/Developer/f65-megawing/build/r0f/group1/integration/GROUP1.prg.lto.o:(.bss.record)
    b7f8     b7f8       60     1                 record
    b858     b858        4     1         /Users/slice/Developer/f65-megawing/build/r0f/group1/integration/GROUP1.prg.lto.o:(.bss.previous_capture)
    b858     b858        4     1                 previous_capture
    b85c     b85c        1     1         /Users/slice/Developer/f65-megawing/build/r0f/group1/integration/GROUP1.prg.lto.o:(.bss.next_stage)
    b85c     b85c        1     1                 next_stage
    b85d     b85d        1     1         /Users/slice/Developer/f65-megawing/build/r0f/group1/integration/GROUP1.prg.lto.o:(.bss.active)
    b85d     b85d        1     1                 active
    b85e     b85e        4     1         /Users/slice/Developer/f65-megawing/build/r0f/group1/integration/GROUP1.prg.lto.o:(.bss.stage_start)
    b85e     b85e        4     1                 stage_start
    b862     b862        2     1         /Users/slice/Developer/f65-megawing/build/r0f/group1/integration/GROUP1.prg.lto.o:(.bss.world_generation)
    b862     b862        2     1                 world_generation
    b864     b864        2     1         /Users/slice/Developer/f65-megawing/build/r0f/group1/integration/GROUP1.prg.lto.o:(.bss.world_tick)
    b864     b864        2     1                 world_tick
    b866     b866        4     1         /Users/slice/Developer/f65-megawing/build/r0f/group1/integration/GROUP1.prg.lto.o:(.bss.world_swap)
    b866     b866        4     1                 world_swap
    b86a     b86a        2     1         /Users/slice/Developer/f65-megawing/build/r0f/group1/integration/GROUP1.prg.lto.o:(.bss.records)
    b86a     b86a        2     1                 records
    b86c     b86c        4     1         /Users/slice/Developer/f65-megawing/build/r0f/group1/integration/GROUP1.prg.lto.o:(.bss.capture_max)
    b86c     b86c        4     1                 capture_max
    b870     b870        1     1         /Users/slice/Developer/f65-megawing/build/r0f/group1/integration/GROUP1.prg.lto.o:(.bss.r0fc_hardware_low)
    b870     b870        1     1                 r0fc_hardware_low
    b871     b871        2     1         /Users/slice/Developer/f65-megawing/build/r0f/group1/integration/GROUP1.prg.lto.o:(.bss.r0fc_software_low)
    b871     b871        2     1                 r0fc_software_low
    b873     b873       12     1         /Users/slice/Developer/f65-megawing/build/r0f/group1/integration/GROUP1.prg.lto.o:(.bss.eligible)
    b873     b873       12     1                 eligible
    b885     b885        2     1         /Users/slice/Developer/f65-megawing/build/r0f/group1/integration/GROUP1.prg.lto.o:(.bss.causality_errors)
    b885     b885        2     1                 causality_errors
    b887     b887       12     1         /Users/slice/Developer/f65-megawing/build/r0f/group1/integration/GROUP1.prg.lto.o:(.bss.pending)
    b887     b887       12     1                 pending
    b899     b899       12     1         /Users/slice/Developer/f65-megawing/build/r0f/group1/integration/GROUP1.prg.lto.o:(.bss.intent)
    b899     b899       12     1                 intent
    b8ab     b8ab       48     1         /Users/slice/Developer/f65-megawing/build/r0f/group1/integration/GROUP1.prg.lto.o:(.bss.full)
    b8ab     b8ab       48     1                 full
    b8f3     b8f3       12     1         /Users/slice/Developer/f65-megawing/build/r0f/group1/integration/GROUP1.prg.lto.o:(.bss.reduced)
    b8f3     b8f3       12     1                 reduced
    b905     b905       60     1         /Users/slice/Developer/f65-megawing/build/r0f/group1/integration/GROUP1.prg.lto.o:(.bss.tracks)
    b905     b905       60     1                 tracks
    b965     b965        6     1         /Users/slice/Developer/f65-megawing/build/r0f/group1/integration/GROUP1.prg.lto.o:(.bss.runs)
    b965     b965        6     1                 runs
    b96b     b96b        0     1         __bss_end = .
    b96b     b96b        0     1 __bss_size = SIZEOF(.bss)
    b96b     b96b       27     1 .noinit
    b96b     b96b       27     1         /Users/slice/Developer/f65-megawing/build/r0f/group1/integration/GROUP1.prg.lto.o:(.noinit..Lstatic_stack)
    b992     b992        0     1         __heap_start = ALIGN(., 2)
    b992     b992        0     1 __stack = 0xd000
       0        0       cc     1 .comment
       0        0       cc     1         <internal>:(.comment)
       0        0        f     1 .llvm_sympart
       0        0        f     1         /Users/slice/Developer/f65-megawing/build/r0f/group1/integration/GROUP1.prg.lto.o:(.llvm_sympart)
       0        0     3060     4 .symtab
       0        0     3060     4         <internal>:(.symtab)
       0        0       82     1 .shstrtab
       0        0       82     1         <internal>:(.shstrtab)
       0        0     335e     1 .strtab
       0        0     335e     1         <internal>:(.strtab)
