Type 'help' to get a list of commands available.
Device is FAT32 partition, size=27769 MB
R0FG1P05.TMP does not yet exist on the file system -- searching for empty directory slot to create it in.

Uploaded 0 bytes.
Uploaded 12288 bytes.
Uploaded 36864 bytes.
Uploaded 60928 bytes.
Uploaded 71680 bytes.
Uploaded 94208 bytes.
Uploaded 106496 bytes.
Uploaded 131072 bytes.
Uploaded 143360 bytes.
Uploaded 167936 bytes.
Uploaded 192000 bytes.
Uploaded 204288 bytes.
Uploaded 225280 bytes.
Uploaded 237568 bytes.
Uploaded 262144 bytes.
Uploaded 274432 bytes.
Uploaded 299008 bytes.
Uploaded 323584 bytes.
Uploaded 335872 bytes.
Uploaded 360448 bytes.
Uploaded 372736 bytes.
Uploaded 397312 bytes.
Uploaded 421888 bytes.
Uploaded 434176 bytes.
Uploaded 458752 bytes.
Uploaded 471552 bytes.
Uploaded 495616 bytes.
Uploaded 520192 bytes.
Uploaded 532480 bytes.
Uploaded 556032 bytes.
Uploaded 565248 bytes.
Uploaded 589824 bytes.
Uploaded 602112 bytes.
Uploaded 625664 bytes.
Uploaded 637952 bytes.
Uploaded 659456 bytes.
Uploaded 684032 bytes.
Uploaded 704512 bytes.
Uploaded 728576 bytes.
Uploaded 749568 bytes.
Uploaded 774144 bytes.
Uploaded 798208 bytes.
Uploaded 819200 bytes in 5 seconds (160.0KB/sec)
