     VMA      LMA     Size Align Out     In      Symbol
       0        0        0     1 __basic_zp_start = 0x0002
       0        0        0     1 __basic_zp_end = 0x0090
       0        0        0     1 __rc0 = __basic_zp_start
       0        0        0     1 __rc1 = __rc0 + 1
       0        0        0     1 PROVIDE(__rc2 = __rc1 + 1)
       0        0        0     1 __rc3 = __rc2 + 1
       0        0        0     1 PROVIDE(__rc4 = __rc3 + 1)
       0        0        0     1 __rc5 = __rc4 + 1
       0        0        0     1 PROVIDE(__rc6 = __rc5 + 1)
       0        0        0     1 __rc7 = __rc6 + 1
       0        0        0     1 PROVIDE(__rc8 = __rc7 + 1)
       0        0        0     1 __rc9 = __rc8 + 1
       0        0        0     1 PROVIDE(__rc10 = __rc9 + 1)
       0        0        0     1 __rc11 = __rc10 + 1
       0        0        0     1 PROVIDE(__rc12 = __rc11 + 1)
       0        0        0     1 __rc13 = __rc12 + 1
       0        0        0     1 PROVIDE(__rc14 = __rc13 + 1)
       0        0        0     1 __rc15 = __rc14 + 1
       0        0        0     1 PROVIDE(__rc16 = __rc15 + 1)
       0        0        0     1 __rc17 = __rc16 + 1
       0        0        0     1 PROVIDE(__rc18 = __rc17 + 1)
       0        0        0     1 __rc19 = __rc18 + 1
       0        0        0     1 PROVIDE(__rc20 = __rc19 + 1)
       0        0        0     1 __rc21 = __rc20 + 1
       0        0        0     1 PROVIDE(__rc22 = __rc21 + 1)
       0        0        0     1 __rc23 = __rc22 + 1
       0        0        0     1 PROVIDE(__rc24 = __rc23 + 1)
       0        0        0     1 __rc25 = __rc24 + 1
       0        0        0     1 PROVIDE(__rc26 = __rc25 + 1)
       0        0        0     1 __rc27 = __rc26 + 1
       0        0        0     1 PROVIDE(__rc28 = __rc27 + 1)
       0        0        0     1 __rc29 = __rc28 + 1
       0        0        0     1 PROVIDE(__rc30 = __rc29 + 1)
       0        0        0     1 __rc31 = __rc30 + 1
       0        0        0     1 __basic_zp_size = __basic_zp_end - __basic_zp_start
    2001     2001       16     1 .basic_header
    2001     2001       16     1         /Users/slice/Documents/ChatGPT/F65 Megawing/toolchain/runtime/llvm-mos/bin/../mos-platform/mega65/lib/basic-header.o:(.basic_header)
    2015     2015        0     1                 next_line
      22       22        0     1 .zp.data
      22       22        0     1         __zp_data_start = .
      22       22        0     1 __zp_data_load_start = LOADADDR(.zp.data)
      22       22        0     1 __zp_data_size = SIZEOF(.zp.data)
      22       22        0     1 .zp.bss
      22       22        0     1         __zp_bss_start = .
      22       22        0     1 __zp_bss_size = SIZEOF(.zp.bss)
    2017     2017     2481     1 .text
    2017     2017        0     1         _init = .
    2017     2017        0     1         _start = .
    2017     2017        e     1         /Users/slice/Documents/ChatGPT/F65 Megawing/toolchain/runtime/llvm-mos/bin/../mos-platform/mega65/lib/unmap-basic.o:(.init.010)
    2025     2025        3     1         /var/folders/bt/gybs30z52sx1jjjhm2h7_nj80000gq/T/r0a_platform_45gs02-7a56f3.o:(.init.011)
    2025     2025        0     1                 f65_basepage_enter
    2028     2028        8     1         /Users/slice/Documents/ChatGPT/F65 Megawing/toolchain/runtime/llvm-mos/bin/../mos-platform/mega65/lib/libcrt0.a(init-stack.S.obj):(.init.100)
    2028     2028        0     1                 __do_init_stack
    2030     2030        3     1         /Users/slice/Documents/ChatGPT/F65 Megawing/toolchain/runtime/llvm-mos/bin/../mos-platform/mega65/lib/libcrt0.a(zero-bss.c.obj):(.init.200)
    2030     2030        0     1                 __do_zero_bss
    2033     2033        3     1         /Users/slice/Documents/ChatGPT/F65 Megawing/toolchain/runtime/llvm-mos/bin/../mos-platform/common/lib/crt0.o:(.call_main)
    2036     2036        3     1         /Users/slice/Documents/ChatGPT/F65 Megawing/toolchain/runtime/llvm-mos/bin/../mos-platform/mega65/lib/libcrt0.a(exit-custom.S.obj):(.after_main)
    2036     2036        0     1                 __after_main
    2039     2039        0     1         _fini = .
    2039     2039        3     1         /var/folders/bt/gybs30z52sx1jjjhm2h7_nj80000gq/T/r0a_platform_45gs02-7a56f3.o:(.fini.989)
    2039     2039        0     1                 f65_basepage_leave
    203c     203c        a     1         /Users/slice/Documents/ChatGPT/F65 Megawing/toolchain/runtime/llvm-mos/bin/../mos-platform/mega65/lib/unmap-basic.o:(.fini.990)
    2046     2046        1     1         /Users/slice/Documents/ChatGPT/F65 Megawing/toolchain/runtime/llvm-mos/bin/../mos-platform/common/lib/crt0.o:(.fini_rts)
    2047     2047       13     1         /Users/slice/Documents/ChatGPT/F65 Megawing/toolchain/runtime/llvm-mos/bin/../mos-platform/mega65/lib/libcrt0.a(zero-bss.c.obj):(.text.__zero_bss)
    2047     2047       13     1                 __zero_bss
    205a     205a      11b     1         /Users/slice/Documents/ChatGPT/F65 Megawing/build/r0f/cia-timing-safe/F65-R0F-PROOF.prg.lto.o:(.text.calibrate)
    205a     205a      11b     1                 calibrate
    2175     2175       82     1         /Users/slice/Documents/ChatGPT/F65 Megawing/build/r0f/cia-timing-safe/F65-R0F-PROOF.prg.lto.o:(.text.frame_edge)
    2175     2175       82     1                 frame_edge
    21f7     21f7       94     1         /Users/slice/Documents/ChatGPT/F65 Megawing/build/r0f/cia-timing-safe/F65-R0F-PROOF.prg.lto.o:(.text.now)
    21f7     21f7       94     1                 now
    228b     228b       7a     1         /Users/slice/Documents/ChatGPT/F65 Megawing/build/r0f/cia-timing-safe/F65-R0F-PROOF.prg.lto.o:(.text.r0f_clock_now)
    228b     228b       7a     1                 r0f_clock_now
    2305     2305     18fd     1         /Users/slice/Documents/ChatGPT/F65 Megawing/build/r0f/cia-timing-safe/F65-R0F-PROOF.prg.lto.o:(.text.main)
    2305     2305     18fd     1                 main
    3c02     3c02      2b8     1         /Users/slice/Documents/ChatGPT/F65 Megawing/build/r0f/cia-timing-safe/F65-R0F-PROOF.prg.lto.o:(.text.proof_tick)
    3c02     3c02      2b8     1                 proof_tick
    3eba     3eba      108     1         /Users/slice/Documents/ChatGPT/F65 Megawing/build/r0f/cia-timing-safe/F65-R0F-PROOF.prg.lto.o:(.text.proof_case)
    3eba     3eba      108     1                 proof_case
    3fc2     3fc2      200     1         /Users/slice/Documents/ChatGPT/F65 Megawing/build/r0f/cia-timing-safe/F65-R0F-PROOF.prg.lto.o:(.text.observe_timing_case)
    3fc2     3fc2      200     1                 observe_timing_case
    41c2     41c2       bb     1         /Users/slice/Documents/ChatGPT/F65 Megawing/build/r0f/cia-timing-safe/F65-R0F-PROOF.prg.lto.o:(.text.line)
    41c2     41c2       bb     1                 line
    427d     427d        5     1         /Users/slice/Documents/ChatGPT/F65 Megawing/build/r0f/cia-timing-safe/F65-R0F-PROOF.prg.lto.o:(.text.exit)
    427d     427d        5     1                 exit
    4282     4282        b     1         /Users/slice/Documents/ChatGPT/F65 Megawing/build/r0f/cia-timing-safe/F65-R0F-PROOF.prg.lto.o:(.text.__ashlqi3)
    4282     4282        b     1                 __ashlqi3
    428d     428d       13     1         /Users/slice/Documents/ChatGPT/F65 Megawing/build/r0f/cia-timing-safe/F65-R0F-PROOF.prg.lto.o:(.text.__ashlhi3)
    428d     428d       13     1                 __ashlhi3
    42a0     42a0       bd     1         /Users/slice/Documents/ChatGPT/F65 Megawing/build/r0f/cia-timing-safe/F65-R0F-PROOF.prg.lto.o:(.text.__udivhi3)
    42a0     42a0       bd     1                 __udivhi3
    435d     435d       a6     1         /Users/slice/Documents/ChatGPT/F65 Megawing/build/r0f/cia-timing-safe/F65-R0F-PROOF.prg.lto.o:(.text.__umodhi3)
    435d     435d       a6     1                 __umodhi3
    4403     4403       1c     1         /Users/slice/Documents/ChatGPT/F65 Megawing/build/r0f/cia-timing-safe/F65-R0F-PROOF.prg.lto.o:(.text.__memset)
    4403     4403       1c     1                 __memset
    441f     441f       79     1         /Users/slice/Documents/ChatGPT/F65 Megawing/build/r0f/cia-timing-safe/F65-R0F-PROOF.prg.lto.o:(.text.__mulsi3)
    441f     441f       79     1                 __mulsi3
    4498     4498        0     1         __init_array_start = .
    4498     4498        0     1         __init_array_end = .
    4498     4498        0     1         __fini_array_start = .
    4498     4498        0     1         __fini_array_end = .
    4498     4498      4a8     1 .rodata
    4498     4498      499     1         <internal>:(.rodata.str1.1)
    4931     4931        5     1         /Users/slice/Documents/ChatGPT/F65 Megawing/build/r0f/cia-timing-safe/F65-R0F-PROOF.prg.lto.o:(.rodata.case_flags)
    4931     4931        5     1                 case_flags
    4936     4936        a     1         /Users/slice/Documents/ChatGPT/F65 Megawing/build/r0f/cia-timing-safe/F65-R0F-PROOF.prg.lto.o:(.rodata.display.names)
    4936     4936        a     1                 display.names
    4940     4940        0     1 .data
    4940     4940        0     1         __data_start = .
    4940     4940        0     1         __data_end = .
    4940     4940        0     1 __data_load_start = LOADADDR(.data)
    4940     4940        0     1 __data_size = SIZEOF(.data)
    4940     4940     2f78     1 .bss
    4940     4940        0     1         __bss_start = .
    4940     4940        1     1         /Users/slice/Documents/ChatGPT/F65 Megawing/build/r0f/cia-timing-safe/F65-R0F-PROOF.prg.lto.o:(.bss.fault)
    4940     4940        1     1                 fault
    4941     4941     2a80     1         /Users/slice/Documents/ChatGPT/F65 Megawing/build/r0f/cia-timing-safe/F65-R0F-PROOF.prg.lto.o:(.bss.r0f_capture)
    4941     4941     2a80     1                 r0f_capture
    73c1     73c1        4     1         /Users/slice/Documents/ChatGPT/F65 Megawing/build/r0f/cia-timing-safe/F65-R0F-PROOF.prg.lto.o:(.bss.last_clock)
    73c1     73c1        4     1                 last_clock
    73c5     73c5      420     1         /Users/slice/Documents/ChatGPT/F65 Megawing/build/r0f/cia-timing-safe/F65-R0F-PROOF.prg.lto.o:(.bss.sorted)
    73c5     73c5      420     1                 sorted
    77e5     77e5        1     1         /Users/slice/Documents/ChatGPT/F65 Megawing/build/r0f/cia-timing-safe/F65-R0F-PROOF.prg.lto.o:(.bss.saved_a)
    77e5     77e5        1     1                 saved_a
    77e6     77e6        1     1         /Users/slice/Documents/ChatGPT/F65 Megawing/build/r0f/cia-timing-safe/F65-R0F-PROOF.prg.lto.o:(.bss.saved_b)
    77e6     77e6        1     1                 saved_b
    77e7     77e7        1     1         /Users/slice/Documents/ChatGPT/F65 Megawing/build/r0f/cia-timing-safe/F65-R0F-PROOF.prg.lto.o:(.bss.owned)
    77e7     77e7        1     1                 owned
    77e8     77e8       10     1         /Users/slice/Documents/ChatGPT/F65 Megawing/build/r0f/cia-timing-safe/F65-R0F-PROOF.prg.lto.o:(.bss.timed_metrics)
    77e8     77e8       10     1                 timed_metrics
    77f8     77f8       c0     1         /Users/slice/Documents/ChatGPT/F65 Megawing/build/r0f/cia-timing-safe/F65-R0F-PROOF.prg.lto.o:(.bss.snapshot_records)
    77f8     77f8       c0     1                 snapshot_records
    78b8     78b8        0     1         __bss_end = .
    78b8     78b8        0     1 __bss_size = SIZEOF(.bss)
    78b8     78b8       9e     1 .noinit
    78b8     78b8       9e     1         /Users/slice/Documents/ChatGPT/F65 Megawing/build/r0f/cia-timing-safe/F65-R0F-PROOF.prg.lto.o:(.noinit..Lstatic_stack)
    7956     7956        0     1         __heap_start = ALIGN(., 2)
    7956     7956        0     1 __stack = 0xd000
       0        0       cc     1 .comment
       0        0       cc     1         <internal>:(.comment)
       0        0       1e     1 .llvm_sympart
       0        0        f     1         /Users/slice/Documents/ChatGPT/F65 Megawing/build/r0f/cia-timing-safe/F65-R0F-PROOF.prg.lto.o:(.llvm_sympart)
       f        f        f     1         /Users/slice/Documents/ChatGPT/F65 Megawing/build/r0f/cia-timing-safe/F65-R0F-PROOF.prg.lto.o:(.llvm_sympart)
       0        0      b40     4 .symtab
       0        0      b40     4         <internal>:(.symtab)
       0        0       72     1 .shstrtab
       0        0       72     1         <internal>:(.shstrtab)
       0        0      639     1 .strtab
       0        0      639     1         <internal>:(.strtab)
