{
  "D81_BYTES": 819200,
  "D81_PATH": "/Volumes/MEGA65FDISK/F65BLK02.D81",
  "D81_SHA256": "ba963e2c0e8dd686e03568b41ca9d4c6196762e166a2de8a6fcbb829dd5bd4e8",
  "D81_STATE": "SD_CONTIGUITY_VERIFIED",
  "INSPECTOR": "raw FAT32 cluster-chain audit via tools/diagnostics/d81_sd_contiguity.py",
  "SD_CONTIGUITY_RESULT": "PASS",
  "SD_DEVICE_IDENTIFIER": "disk4s1",
  "SD_EXTENTS": [
    {
      "bytes": 819200,
      "deviceOffset": 108425216,
      "logicalOffset": 0
    }
  ],
  "SD_EXTENT_COUNT": 1,
  "SD_FILESYSTEM": "MS-DOS FAT32",
  "SD_INTERNAL": true,
  "SD_MOUNT_POINT": "/Volumes/MEGA65FDISK",
  "SD_REMOVABLE": true
}
{
  "D81_BYTES": 819200,
  "D81_PATH": "/Volumes/MEGA65FDISK/F65BLK02.D81",
  "D81_SHA256": "b13853a7ddaf3bf26dfcaceb7e4466ab2d58702b96bfcbe9ae62c7db56ed3d82",
  "D81_STATE": "SD_CONTIGUITY_VERIFIED",
  "INSPECTOR": "raw FAT32 cluster-chain audit via tools/diagnostics/d81_sd_contiguity.py",
  "SD_CONTIGUITY_RESULT": "PASS",
  "SD_DEVICE_IDENTIFIER": "disk4s1",
  "SD_EXTENTS": [
    {
      "bytes": 819200,
      "deviceOffset": 108425216,
      "logicalOffset": 0
    }
  ],
  "SD_EXTENT_COUNT": 1,
  "SD_FILESYSTEM": "MS-DOS FAT32",
  "SD_INTERNAL": true,
  "SD_MOUNT_POINT": "/Volumes/MEGA65FDISK",
  "SD_REMOVABLE": true
}
Disk /Volumes/MEGA65FDISK ejected
D81 MEGA65 SLOT FILL PASS
filename=F65BLK02.D81
sha256=b13853a7ddaf3bf26dfcaceb7e4466ab2d58702b96bfcbe9ae62c7db56ed3d82
extent_count=1
safe_eject=PASS
1+0 records in
1+0 records out
819200 bytes transferred in 0.066732 secs (12275970 bytes/sec)
