     VMA      LMA     Size Align Out     In      Symbol
       0        0        0     1 
       0        0        0     1 
       0        0        0     1 __basic_zp_start = 0x0002
       0        0        0     1 __basic_zp_end = 0x0090
       0        0        0     1 __rc0 = __basic_zp_start
       0        0        0     1 __rc1 = __rc0 + 1
       0        0        0     1 PROVIDE(__rc2 = __rc1 + 1)
       0        0        0     1 __rc3 = __rc2 + 1
       0        0        0     1 PROVIDE(__rc4 = __rc3 + 1)
       0        0        0     1 __rc5 = __rc4 + 1
       0        0        0     1 PROVIDE(__rc6 = __rc5 + 1)
       0        0        0     1 __rc7 = __rc6 + 1
       0        0        0     1 PROVIDE(__rc8 = __rc7 + 1)
       0        0        0     1 __rc9 = __rc8 + 1
       0        0        0     1 PROVIDE(__rc10 = __rc9 + 1)
       0        0        0     1 __rc11 = __rc10 + 1
       0        0        0     1 PROVIDE(__rc12 = __rc11 + 1)
       0        0        0     1 __rc13 = __rc12 + 1
       0        0        0     1 PROVIDE(__rc14 = __rc13 + 1)
       0        0        0     1 __rc15 = __rc14 + 1
       0        0        0     1 PROVIDE(__rc16 = __rc15 + 1)
       0        0        0     1 __rc17 = __rc16 + 1
       0        0        0     1 PROVIDE(__rc18 = __rc17 + 1)
       0        0        0     1 __rc19 = __rc18 + 1
       0        0        0     1 PROVIDE(__rc20 = __rc19 + 1)
       0        0        0     1 __rc21 = __rc20 + 1
       0        0        0     1 PROVIDE(__rc22 = __rc21 + 1)
       0        0        0     1 __rc23 = __rc22 + 1
       0        0        0     1 PROVIDE(__rc24 = __rc23 + 1)
       0        0        0     1 __rc25 = __rc24 + 1
       0        0        0     1 PROVIDE(__rc26 = __rc25 + 1)
       0        0        0     1 __rc27 = __rc26 + 1
       0        0        0     1 PROVIDE(__rc28 = __rc27 + 1)
       0        0        0     1 __rc29 = __rc28 + 1
       0        0        0     1 PROVIDE(__rc30 = __rc29 + 1)
       0        0        0     1 __rc31 = __rc30 + 1
       0        0        0     1 __basic_zp_size = __basic_zp_end - __basic_zp_start
    2001     2001       16     1 .basic_header
    2001     2001       16     1         /Users/slice/Developer/f65-megawing/toolchain/runtime/llvm-mos/bin/../mos-platform/mega65/lib/basic-header.o:(.basic_header)
    2015     2015        0     1                 next_line
      22       22        0     1 .zp.data
      22       22        0     1         __zp_data_start = .
      22       22        0     1 __zp_data_load_start = LOADADDR(.zp.data)
      22       22        0     1 __zp_data_size = SIZEOF(.zp.data)
      22       22        0     1 .zp.bss
      22       22        0     1         __zp_bss_start = .
      22       22        0     1 __zp_bss_size = SIZEOF(.zp.bss)
    2017     2017      fef     1 .r0fs_protected
    2017     2017        9     1         /var/folders/bt/gybs30z52sx1jjjhm2h7_nj80000gq/T/successor_admission_45gs02-0b6af4.o:(.text.r0fs_protected)
    2017     2017        0     1                 r0fs_quiesce_marker
    2019     2019        0     1                 r0fs_context_restore_marker
    201b     201b        0     1                 r0fs_canonical_restore_marker
    201f     201f        0     1                 r0fs_resume_marker
    2020     2020      81b     1         /var/folders/bt/gybs30z52sx1jjjhm2h7_nj80000gq/T/successor_integration_45gs02-becf6a.o:(.text.r0fs_protected)
    2020     2020        0     1                 r0fs_context_read
    20df     20df        0     1                 r0fs_context_invalidate
    211b     211b        0     1                 r0fs_storage
    282f     282f        0     1                 r0fs_storage_end
    283b     283b      4e6     1         /var/folders/bt/gybs30z52sx1jjjhm2h7_nj80000gq/T/group1_terminal_export_45gs02-43cf9c.o:(.text.r0fs_protected)
    283b     283b        0     1                 r0fg1_terminal_export
    2d21     2d21        0     1                 r0fg1_terminal_export_end
    2d21     2d21      140     1         /var/folders/bt/gybs30z52sx1jjjhm2h7_nj80000gq/T/qualification_45gs02-1e6f00.o:(.text.r0f_pf)
    2d21     2d21        0     1                 r0f_pf_enter
    2d81     2d81        0     1                 r0f_pf_start_irq
    2d98     2d98        0     1                 r0f_pf_stop_irq
    2da4     2da4        0     1                 r0f_pf_irq
    2dd0     2dd0        0     1                 r0f_pf_nmi
    2dd8     2dd8        0     1                 r0f_pf_flat_copy
    2e15     2e15        0     1                 r0f_pf_register_probe
    2e61     2e61       19     1         /var/folders/bt/gybs30z52sx1jjjhm2h7_nj80000gq/T/group1_terminal_export_45gs02-43cf9c.o:(.r0fs_protected_data)
    2e61     2e61        0     1                 r0fg1_export_permit
    2e62     2e62        0     1                 r0fg1_export_status
    2e63     2e63        0     1                 r0fg1_export_error
    2e64     2e64        0     1                 r0fg1_export_files
    2e65     2e65        0     1                 r0fg1_export_bytes
    2e69     2e69        0     1                 r0fg1_export_remaining
    2e6d     2e6d        0     1                 r0fg1_export_source
    2e71     2e71        0     1                 r0fg1_export_chunk
    2e73     2e73        0     1                 r0fg1_export_copy_left
    2e75     2e75        0     1                 r0fg1_export_filename
    2e7a     2e7a      18c     1         /Users/slice/Developer/f65-megawing/build/r0f/group1/integration/GROUP1.prg.lto.o:(.r0fs_protected_data)
    2e7a     2e7a        1     1                 r0fsi_storage_phase
    2e7b     2e7b        1     1                 r0fsi_storage_error
    2e7c     2e7c        1     1                 r0fsi_storage_returned
    2e7d     2e7d        1     1                 r0fsi_storage_denied
    2e7e     2e7e        1     1                 r0fsi_permit
    2e7f     2e7f        1     1                 r0fsi_input
    2e80     2e80        1     1                 r0fsi_output
    2e81     2e81        1     1                 r0fsi_input_end
    2e82     2e82        1     1                 r0fsi_output_end
    2e83     2e83       20     1                 r0fsi_token
    2ea3     2ea3       20     1                 r0fsi_read
    2ec3     2ec3       20     1                 r0fsi_payload
    2ee3     2ee3        4     1                 r0fsi_end
    2ee7     2ee7        1     1                 r0fsi_app_sp
    2ee8     2ee8        2     1                 r0fsi_context_offset
    2eea     2eea        1     1                 r0fsi_context_length
    2eeb     2eeb        1     1                 r0fsi_context_region
    2eec     2eec        1     1                 r0fsi_context_copy_ok
    2eed     2eed       ff     1                 r0fsi_context_buffer
    2fec     2fec        1     1                 r0f_pf_cpu_port
    2fed     2fed        2     1                 r0f_pf_irq_count
    2fef     2fef        1     1                 r0f_pf_irq_seq
    2ff0     2ff0        1     1                 r0f_pf_irq_seen
    2ff1     2ff1        7     1                 r0f_pf_probe_regs
    2ff8     2ff8        1     1                 r0f_pf_copy_ok
    2ff9     2ff9        2     1                 r0f_pf_probe_timeout
    2ffb     2ffb        1     1                 r0f_pf_nmi_seen
    2ffc     2ffc        9     1                 r0f_pf_copy_request
    3005     3005        1     1                 r0f_pf_stack_high
    3006     3006     7aa7     1 .text
    3006     3006        0     1         _init = .
    3006     3006        0     1         _start = .
    3006     3006       c5     1         /var/folders/bt/gybs30z52sx1jjjhm2h7_nj80000gq/T/successor_admission_45gs02-0b6af4.o:(.init.005)
    3006     3006        0     1                 r0fs_pre_c_capture
    30cb     30cb        0     1                 r0fs_pre_c_capture_end
    30cb     30cb       c5     1         /var/folders/bt/gybs30z52sx1jjjhm2h7_nj80000gq/T/group1_export_capture_45gs02-c42584.o:(.init.006)
    30cb     30cb        0     1                 r0fg1_export_capture
    3190     3190        0     1                 r0fg1_export_capture_end
    3190     3190        e     1         /Users/slice/Developer/f65-megawing/toolchain/runtime/llvm-mos/bin/../mos-platform/mega65/lib/unmap-basic.o:(.init.010)
    319e     319e        3     1         /var/folders/bt/gybs30z52sx1jjjhm2h7_nj80000gq/T/r0a_platform_45gs02-ae43a8.o:(.init.011)
    319e     319e        0     1                 f65_basepage_enter
    31a1     31a1        8     1         /Users/slice/Developer/f65-megawing/toolchain/runtime/llvm-mos/bin/../mos-platform/mega65/lib/libcrt0.a(init-stack.S.obj):(.init.100)
    31a1     31a1        0     1                 __do_init_stack
    31a9     31a9        3     1         /Users/slice/Developer/f65-megawing/toolchain/runtime/llvm-mos/bin/../mos-platform/mega65/lib/libcrt0.a(zero-bss.c.obj):(.init.200)
    31a9     31a9        0     1                 __do_zero_bss
    31ac     31ac        3     1         /Users/slice/Developer/f65-megawing/toolchain/runtime/llvm-mos/bin/../mos-platform/common/lib/crt0.o:(.call_main)
    31af     31af        3     1         /Users/slice/Developer/f65-megawing/toolchain/runtime/llvm-mos/bin/../mos-platform/mega65/lib/libcrt0.a(exit-custom.S.obj):(.after_main)
    31af     31af        0     1                 __after_main
    31b2     31b2        0     1         _fini = .
    31b2     31b2        3     1         /var/folders/bt/gybs30z52sx1jjjhm2h7_nj80000gq/T/r0a_platform_45gs02-ae43a8.o:(.fini.989)
    31b2     31b2        0     1                 f65_basepage_leave
    31b5     31b5        a     1         /Users/slice/Developer/f65-megawing/toolchain/runtime/llvm-mos/bin/../mos-platform/mega65/lib/unmap-basic.o:(.fini.990)
    31bf     31bf        1     1         /Users/slice/Developer/f65-megawing/toolchain/runtime/llvm-mos/bin/../mos-platform/common/lib/crt0.o:(.fini_rts)
    31c0     31c0        3     1         /var/folders/bt/gybs30z52sx1jjjhm2h7_nj80000gq/T/successor_integration_45gs02-becf6a.o:(.text.r0fsi_status)
    31c0     31c0        0     1                 r0fsi_irq_cpu_status
    31c3     31c3       b4     1         /var/folders/bt/gybs30z52sx1jjjhm2h7_nj80000gq/T/combined_45gs02-c1b6f9.o:(.text.r0fc_platform)
    31c3     31c3        0     1                 r0fc_rom_toggle
    31e6     31e6        0     1                 r0fc_stack_seed
    322d     322d        0     1                 r0fc_stack_measure
    3277     3277       13     1         /Users/slice/Developer/f65-megawing/toolchain/runtime/llvm-mos/bin/../mos-platform/mega65/lib/libcrt0.a(zero-bss.c.obj):(.text.__zero_bss)
    3277     3277       13     1                 __zero_bss
    328a     328a      e01     1         /Users/slice/Developer/f65-megawing/build/r0f/group1/integration/GROUP1.prg.lto.o:(.text.main)
    328a     328a      e01     1                 main
    408b     408b       14     1         /Users/slice/Developer/f65-megawing/build/r0f/group1/integration/GROUP1.prg.lto.o:(.text.lockout)
    408b     408b       14     1                 lockout
    409f     409f      115     1         /Users/slice/Developer/f65-megawing/build/r0f/group1/integration/GROUP1.prg.lto.o:(.text.context_crc)
    409f     409f      115     1                 context_crc
    41b4     41b4       89     1         /Users/slice/Developer/f65-megawing/build/r0f/group1/integration/GROUP1.prg.lto.o:(.text.context_valid)
    41b4     41b4       89     1                 context_valid
    423d     423d      109     1         /Users/slice/Developer/f65-megawing/build/r0f/group1/integration/GROUP1.prg.lto.o:(.text.dos_copy)
    423d     423d      109     1                 dos_copy
    4346     4346      1c7     1         /Users/slice/Developer/f65-megawing/build/r0f/group1/integration/GROUP1.prg.lto.o:(.text.dos_crc)
    4346     4346      1c7     1                 dos_crc
    450d     450d       19     1         /Users/slice/Developer/f65-megawing/build/r0f/group1/integration/GROUP1.prg.lto.o:(.text.transition)
    450d     450d       19     1                 transition
    4526     4526      181     1         /Users/slice/Developer/f65-megawing/build/r0f/group1/integration/GROUP1.prg.lto.o:(.text.display_begin)
    4526     4526      181     1                 display_begin
    46a7     46a7      1e4     1         /Users/slice/Developer/f65-megawing/build/r0f/group1/integration/GROUP1.prg.lto.o:(.text.run_ticks)
    46a7     46a7      1e4     1                 run_ticks
    488b     488b      472     1         /Users/slice/Developer/f65-megawing/build/r0f/group1/integration/GROUP1.prg.lto.o:(.text.storage_transition)
    488b     488b      472     1                 storage_transition
    4cfd     4cfd       2a     1         /Users/slice/Developer/f65-megawing/build/r0f/group1/integration/GROUP1.prg.lto.o:(.text.display_abandon_and_suspend)
    4cfd     4cfd       2a     1                 display_abandon_and_suspend
    4d27     4d27       24     1         /Users/slice/Developer/f65-megawing/build/r0f/group1/integration/GROUP1.prg.lto.o:(.text.restore_rom_after_display_suspend)
    4d27     4d27       24     1                 restore_rom_after_display_suspend
    4d4b     4d4b       3c     1         /Users/slice/Developer/f65-megawing/build/r0f/group1/integration/GROUP1.prg.lto.o:(.text.display_restore)
    4d4b     4d4b       3c     1                 display_restore
    4d87     4d87       1e     1         /Users/slice/Developer/f65-megawing/build/r0f/group1/integration/GROUP1.prg.lto.o:(.text.result_u16)
    4d87     4d87       1e     1                 result_u16
    4da5     4da5       2a     1         /Users/slice/Developer/f65-megawing/build/r0f/group1/integration/GROUP1.prg.lto.o:(.text.result_u32)
    4da5     4da5       2a     1                 result_u32
    4dcf     4dcf       25     1         /Users/slice/Developer/f65-megawing/build/r0f/group1/integration/GROUP1.prg.lto.o:(.text.result_get_u32)
    4dcf     4dcf       25     1                 result_get_u32
    4df4     4df4       30     1         /Users/slice/Developer/f65-megawing/build/r0f/group1/integration/GROUP1.prg.lto.o:(.text.display_drain)
    4df4     4df4       30     1                 display_drain
    4e24     4e24       29     1         /Users/slice/Developer/f65-megawing/build/r0f/group1/integration/GROUP1.prg.lto.o:(.text.display_suspend)
    4e24     4e24       29     1                 display_suspend
    4e4d     4e4d       bd     1         /Users/slice/Developer/f65-megawing/build/r0f/group1/integration/GROUP1.prg.lto.o:(.text.low_application_copy)
    4e4d     4e4d       bd     1                 low_application_copy
    4f0a     4f0a       3c     1         /Users/slice/Developer/f65-megawing/build/r0f/group1/integration/GROUP1.prg.lto.o:(.text.reclaim_after_storage)
    4f0a     4f0a       3c     1                 reclaim_after_storage
    4f46     4f46       21     1         /Users/slice/Developer/f65-megawing/build/r0f/group1/integration/GROUP1.prg.lto.o:(.text.display_resume)
    4f46     4f46       21     1                 display_resume
    4f67     4f67       3f     1         /Users/slice/Developer/f65-megawing/build/r0f/group1/integration/GROUP1.prg.lto.o:(.text.display_configure)
    4f67     4f67       3f     1                 display_configure
    4fa6     4fa6       3e     1         /Users/slice/Developer/f65-megawing/build/r0f/group1/integration/GROUP1.prg.lto.o:(.text.display_quantum)
    4fa6     4fa6       3e     1                 display_quantum
    4fe4     4fe4      20f     1         /Users/slice/Developer/f65-megawing/build/r0f/group1/integration/GROUP1.prg.lto.o:(.text.display_quantum_work)
    4fe4     4fe4      20f     1                 display_quantum_work
    51f3     51f3       1d     1         /Users/slice/Developer/f65-megawing/build/r0f/group1/integration/GROUP1.prg.lto.o:(.text.application_dma)
    51f3     51f3       1d     1                 application_dma
    5210     5210      1ee     1         /Users/slice/Developer/f65-megawing/build/r0f/group1/integration/GROUP1.prg.lto.o:(.text.run_authoritative_tick)
    5210     5210      1ee     1                 run_authoritative_tick
    53fe     53fe       3e     1         /Users/slice/Developer/f65-megawing/build/r0f/group1/integration/GROUP1.prg.lto.o:(.text.group1_input_service)
    53fe     53fe       3e     1                 group1_input_service
    543c     543c       3e     1         /Users/slice/Developer/f65-megawing/build/r0f/group1/integration/GROUP1.prg.lto.o:(.text.group1_audio_service)
    543c     543c       3e     1                 group1_audio_service
    547a     547a       ef     1         /Users/slice/Developer/f65-megawing/build/r0f/group1/integration/GROUP1.prg.lto.o:(.text.fixed_physical_copy)
    547a     547a       ef     1                 fixed_physical_copy
    5569     5569       72     1         /Users/slice/Developer/f65-megawing/build/r0f/group1/integration/GROUP1.prg.lto.o:(.text.crc_update)
    5569     5569       72     1                 crc_update
    55db     55db       13     1         /Users/slice/Developer/f65-megawing/build/r0f/group1/integration/GROUP1.prg.lto.o:(.text.context_read)
    55db     55db       13     1                 context_read
    55ee     55ee      18b     1         /Users/slice/Developer/f65-megawing/build/r0f/group1/integration/GROUP1.prg.lto.o:(.text.r0fsi_capture_page)
    55ee     55ee      18b     1                 r0fsi_capture_page
    5779     5779       1d     1         /Users/slice/Developer/f65-megawing/build/r0f/group1/integration/GROUP1.prg.lto.o:(.text.r0fsi_irq_select_line)
    5779     5779       1d     1                 r0fsi_irq_select_line
    5796     5796        7     1         /Users/slice/Developer/f65-megawing/build/r0f/group1/integration/GROUP1.prg.lto.o:(.text.read_register)
    5796     5796        7     1                 read_register
    579d     579d        9     1         /Users/slice/Developer/f65-megawing/build/r0f/group1/integration/GROUP1.prg.lto.o:(.text.write_register)
    579d     579d        9     1                 write_register
    57a6     57a6       3e     1         /Users/slice/Developer/f65-megawing/build/r0f/group1/integration/GROUP1.prg.lto.o:(.text.r0fsi_prepare_rom_toggle)
    57a6     57a6       3e     1                 r0fsi_prepare_rom_toggle
    57e4     57e4       96     1         /Users/slice/Developer/f65-megawing/build/r0f/group1/integration/GROUP1.prg.lto.o:(.text.r0fsi_irq_snapshot)
    57e4     57e4       96     1                 r0fsi_irq_snapshot
    587a     587a        c     1         /Users/slice/Developer/f65-megawing/build/r0f/group1/integration/GROUP1.prg.lto.o:(.text.read_irq_byte)
    587a     587a        c     1                 read_irq_byte
    5886     5886       10     1         /Users/slice/Developer/f65-megawing/build/r0f/group1/integration/GROUP1.prg.lto.o:(.text.r0fs_transition)
    5886     5886       10     1                 r0fs_transition
    5896     5896        e     1         /Users/slice/Developer/f65-megawing/build/r0f/group1/integration/GROUP1.prg.lto.o:(.text.r0fs_storage_allowed)
    5896     5896        e     1                 r0fs_storage_allowed
    58a4     58a4        a     1         /Users/slice/Developer/f65-megawing/build/r0f/group1/integration/GROUP1.prg.lto.o:(.text.r0fs_resume_allowed)
    58a4     58a4        a     1                 r0fs_resume_allowed
    58ae     58ae       19     1         /Users/slice/Developer/f65-megawing/build/r0f/group1/integration/GROUP1.prg.lto.o:(.text.r0fs_completion_allowed)
    58ae     58ae       19     1                 r0fs_completion_allowed
    58c7     58c7       6e     1         /Users/slice/Developer/f65-megawing/build/r0f/group1/integration/GROUP1.prg.lto.o:(.text.r0fs_final_fault)
    58c7     58c7       6e     1                 r0fs_final_fault
    5935     5935        7     1         /Users/slice/Developer/f65-megawing/build/r0f/group1/integration/GROUP1.prg.lto.o:(.text.r0fs_post_storage_tick_fault)
    5935     5935        7     1                 r0fs_post_storage_tick_fault
    593c     593c       6e     1         /Users/slice/Developer/f65-megawing/build/r0f/group1/integration/GROUP1.prg.lto.o:(.text.r0fs_crc32_update)
    593c     593c       6e     1                 r0fs_crc32_update
    59aa     59aa       2e     1         /Users/slice/Developer/f65-megawing/build/r0f/group1/integration/GROUP1.prg.lto.o:(.text.r0fc_edge_sample)
    59aa     59aa       2e     1                 r0fc_edge_sample
    59d8     59d8       12     1         /Users/slice/Developer/f65-megawing/build/r0f/group1/integration/GROUP1.prg.lto.o:(.text.bits)
    59d8     59d8       12     1                 bits
    59ea     59ea       52     1         /Users/slice/Developer/f65-megawing/build/r0f/group1/integration/GROUP1.prg.lto.o:(.text.r0fc_edge_consume)
    59ea     59ea       52     1                 r0fc_edge_consume
    5a3c     5a3c      2c6     1         /Users/slice/Developer/f65-megawing/build/r0f/group1/integration/GROUP1.prg.lto.o:(.text.cfratio)
    5a3c     5a3c      2c6     1                 cfratio
    5d02     5d02       42     1         /Users/slice/Developer/f65-megawing/build/r0f/group1/integration/GROUP1.prg.lto.o:(.text.r0fc_hash)
    5d02     5d02       42     1                 r0fc_hash
    5d44     5d44       cd     1         /Users/slice/Developer/f65-megawing/build/r0f/group1/integration/GROUP1.prg.lto.o:(.text.r0fc_reset)
    5d44     5d44       cd     1                 r0fc_reset
    5e11     5e11       25     1         /Users/slice/Developer/f65-megawing/build/r0f/group1/integration/GROUP1.prg.lto.o:(.text.r0fc_event)
    5e11     5e11       25     1                 r0fc_event
    5e36     5e36      505     1         /Users/slice/Developer/f65-megawing/build/r0f/group1/integration/GROUP1.prg.lto.o:(.text.r0fc_tick)
    5e36     5e36      505     1                 r0fc_tick
    633b     633b       45     1         /Users/slice/Developer/f65-megawing/build/r0f/group1/integration/GROUP1.prg.lto.o:(.text.r0fc_snap_reset)
    633b     633b       45     1                 r0fc_snap_reset
    6380     6380      180     1         /Users/slice/Developer/f65-megawing/build/r0f/group1/integration/GROUP1.prg.lto.o:(.text.r0fc_publish)
    6380     6380      180     1                 r0fc_publish
    6500     6500       99     1         /Users/slice/Developer/f65-megawing/build/r0f/group1/integration/GROUP1.prg.lto.o:(.text.r0fc_acquire)
    6500     6500       99     1                 r0fc_acquire
    6599     6599       10     1         /Users/slice/Developer/f65-megawing/build/r0f/group1/integration/GROUP1.prg.lto.o:(.text.r0fc_release)
    6599     6599       10     1                 r0fc_release
    65a9     65a9      15a     1         /Users/slice/Developer/f65-megawing/build/r0f/group1/integration/GROUP1.prg.lto.o:(.text.r0fc_range)
    65a9     65a9      15a     1                 r0fc_range
    6703     6703       ba     1         /Users/slice/Developer/f65-megawing/build/r0f/group1/integration/GROUP1.prg.lto.o:(.text.inside)
    6703     6703       ba     1                 inside
    67bd     67bd      10c     1         /Users/slice/Developer/f65-megawing/build/r0f/group1/integration/GROUP1.prg.lto.o:(.text.r0fc_dma_encode)
    67bd     67bd      10c     1                 r0fc_dma_encode
    68c9     68c9       1e     1         /Users/slice/Developer/f65-megawing/build/r0f/group1/integration/GROUP1.prg.lto.o:(.text.cfput16)
    68c9     68c9       1e     1                 cfput16
    68e7     68e7       2a     1         /Users/slice/Developer/f65-megawing/build/r0f/group1/integration/GROUP1.prg.lto.o:(.text.cfput32)
    68e7     68e7       2a     1                 cfput32
    6911     6911       2c     1         /Users/slice/Developer/f65-megawing/build/r0f/group1/integration/GROUP1.prg.lto.o:(.text.cfget32)
    6911     6911       2c     1                 cfget32
    693d     693d       6a     1         /Users/slice/Developer/f65-megawing/build/r0f/group1/integration/GROUP1.prg.lto.o:(.text.cfadd)
    693d     693d       6a     1                 cfadd
    69a7     69a7       5f     1         /Users/slice/Developer/f65-megawing/build/r0f/group1/integration/GROUP1.prg.lto.o:(.text.cfcrc)
    69a7     69a7       5f     1                 cfcrc
    6a06     6a06       54     1         /Users/slice/Developer/f65-megawing/build/r0f/group1/integration/GROUP1.prg.lto.o:(.text.crc_byte)
    6a06     6a06       54     1                 crc_byte
    6a5a     6a5a       1a     1         /Users/slice/Developer/f65-megawing/build/r0f/group1/integration/GROUP1.prg.lto.o:(.text.cffinal_screen)
    6a5a     6a5a       1a     1                 cffinal_screen
    6a74     6a74       b0     1         /Users/slice/Developer/f65-megawing/build/r0f/group1/integration/GROUP1.prg.lto.o:(.text.cfline)
    6a74     6a74       b0     1                 cfline
    6b24     6b24       3c     1         /Users/slice/Developer/f65-megawing/build/r0f/group1/integration/GROUP1.prg.lto.o:(.text.screen_byte)
    6b24     6b24       3c     1                 screen_byte
    6b60     6b60      1cf     1         /Users/slice/Developer/f65-megawing/build/r0f/group1/integration/GROUP1.prg.lto.o:(.text.cfcopy)
    6b60     6b60      1cf     1                 cfcopy
    6d2f     6d2f       ec     1         /Users/slice/Developer/f65-megawing/build/r0f/group1/integration/GROUP1.prg.lto.o:(.text.cfhex)
    6d2f     6d2f       ec     1                 cfhex
    6e1b     6e1b       54     1         /Users/slice/Developer/f65-megawing/build/r0f/group1/integration/GROUP1.prg.lto.o:(.text.cfscreen)
    6e1b     6e1b       54     1                 cfscreen
    6e6f     6e6f      1c5     1         /Users/slice/Developer/f65-megawing/build/r0f/group1/integration/GROUP1.prg.lto.o:(.text.cfphysical_crc)
    6e6f     6e6f      1c5     1                 cfphysical_crc
    7034     7034       7a     1         /Users/slice/Developer/f65-megawing/build/r0f/group1/integration/GROUP1.prg.lto.o:(.text.cfentry)
    7034     7034       7a     1                 cfentry
    70ae     70ae      254     1         /Users/slice/Developer/f65-megawing/build/r0f/group1/integration/GROUP1.prg.lto.o:(.text.cfrom_begin)
    70ae     70ae      254     1                 cfrom_begin
    7302     7302      2c4     1         /Users/slice/Developer/f65-megawing/build/r0f/group1/integration/GROUP1.prg.lto.o:(.text.cfrom_restore)
    7302     7302      2c4     1                 cfrom_restore
    75c6     75c6       33     1         /Users/slice/Developer/f65-megawing/build/r0f/group1/integration/GROUP1.prg.lto.o:(.text.cfclock_begin)
    75c6     75c6       33     1                 cfclock_begin
    75f9     75f9       8e     1         /Users/slice/Developer/f65-megawing/build/r0f/group1/integration/GROUP1.prg.lto.o:(.text.cfnow)
    75f9     75f9       8e     1                 cfnow
    7687     7687       a1     1         /Users/slice/Developer/f65-megawing/build/r0f/group1/integration/GROUP1.prg.lto.o:(.text.cfframe_wait)
    7687     7687       a1     1                 cfframe_wait
    7728     7728       a1     1         /Users/slice/Developer/f65-megawing/build/r0f/group1/integration/GROUP1.prg.lto.o:(.text.cfinput)
    7728     7728       a1     1                 cfinput
    77c9     77c9      139     1         /Users/slice/Developer/f65-megawing/build/r0f/group1/integration/GROUP1.prg.lto.o:(.text.cfaudio_service)
    77c9     77c9      139     1                 cfaudio_service
    7902     7902      63c     1         /Users/slice/Developer/f65-megawing/build/r0f/group1/integration/GROUP1.prg.lto.o:(.text.cfcalibrate)
    7902     7902      63c     1                 cfcalibrate
    7f3e     7f3e      16e     1         /Users/slice/Developer/f65-megawing/build/r0f/group1/integration/GROUP1.prg.lto.o:(.text.cfdma)
    7f3e     7f3e      16e     1                 cfdma
    80ac     80ac       19     1         /Users/slice/Developer/f65-megawing/build/r0f/group1/integration/GROUP1.prg.lto.o:(.text.cfaudio_stop)
    80ac     80ac       19     1                 cfaudio_stop
    80c5     80c5       b7     1         /Users/slice/Developer/f65-megawing/build/r0f/group1/integration/GROUP1.prg.lto.o:(.text.cfaudio_begin)
    80c5     80c5       b7     1                 cfaudio_begin
    817c     817c       9f     1         /Users/slice/Developer/f65-megawing/build/r0f/group1/integration/GROUP1.prg.lto.o:(.text.cfinput_tick)
    817c     817c       9f     1                 cfinput_tick
    821b     821b       1c     1         /Users/slice/Developer/f65-megawing/build/r0f/group1/integration/GROUP1.prg.lto.o:(.text.r0fg1_export_activate)
    821b     821b       1c     1                 r0fg1_export_activate
    8237     8237       c4     1         /Users/slice/Developer/f65-megawing/build/r0f/group1/integration/GROUP1.prg.lto.o:(.text.r0fg1_export_append)
    8237     8237       c4     1                 r0fg1_export_append
    82fb     82fb       70     1         /Users/slice/Developer/f65-megawing/build/r0f/group1/integration/GROUP1.prg.lto.o:(.text.r0fg1_export_freeze)
    82fb     82fb       70     1                 r0fg1_export_freeze
    836b     836b       a6     1         /Users/slice/Developer/f65-megawing/build/r0f/group1/integration/GROUP1.prg.lto.o:(.text.r0fg1_export_begin)
    836b     836b       a6     1                 r0fg1_export_begin
    8411     8411        e     1         /Users/slice/Developer/f65-megawing/build/r0f/group1/integration/GROUP1.prg.lto.o:(.text.r0fg1_transport_init)
    8411     8411        e     1                 r0fg1_transport_init
    841f     841f      1c9     1         /Users/slice/Developer/f65-megawing/build/r0f/group1/integration/GROUP1.prg.lto.o:(.text.validate_capsule)
    841f     841f      1c9     1                 validate_capsule
    85e8     85e8      1c2     1         /Users/slice/Developer/f65-megawing/build/r0f/group1/integration/GROUP1.prg.lto.o:(.text.transfer.118)
    85e8     85e8      1c2     1                 transfer.118
    87aa     87aa       48     1         /Users/slice/Developer/f65-megawing/build/r0f/group1/integration/GROUP1.prg.lto.o:(.text.r0fg1_trace_write)
    87aa     87aa       48     1                 r0fg1_trace_write
    87f2     87f2       48     1         /Users/slice/Developer/f65-megawing/build/r0f/group1/integration/GROUP1.prg.lto.o:(.text.r0fg1_trace_read)
    87f2     87f2       48     1                 r0fg1_trace_read
    883a     883a      30c     1         /Users/slice/Developer/f65-megawing/build/r0f/group1/integration/GROUP1.prg.lto.o:(.text.r0fg1_transport_prepare)
    883a     883a      30c     1                 r0fg1_transport_prepare
    8b46     8b46        3     1         /Users/slice/Developer/f65-megawing/build/r0f/group1/integration/GROUP1.prg.lto.o:(.text.r0fg1_capture_init)
    8b46     8b46        3     1                 r0fg1_capture_init
    8b49     8b49      2a9     1         /Users/slice/Developer/f65-megawing/build/r0f/group1/integration/GROUP1.prg.lto.o:(.text.r0fg1_calibration)
    8b49     8b49      2a9     1                 r0fg1_calibration
    8df2     8df2       7d     1         /Users/slice/Developer/f65-megawing/build/r0f/group1/integration/GROUP1.prg.lto.o:(.text.put32)
    8df2     8df2       7d     1                 put32
    8e6f     8e6f        8     1         /Users/slice/Developer/f65-megawing/build/r0f/group1/integration/GROUP1.prg.lto.o:(.text.put16)
    8e6f     8e6f        8     1                 put16
    8e77     8e77       3b     1         /Users/slice/Developer/f65-megawing/build/r0f/group1/integration/GROUP1.prg.lto.o:(.text.r0fg1_phase)
    8e77     8e77       3b     1                 r0fg1_phase
    8eb2     8eb2       8b     1         /Users/slice/Developer/f65-megawing/build/r0f/group1/integration/GROUP1.prg.lto.o:(.text.r0fg1_tick_open)
    8eb2     8eb2       8b     1                 r0fg1_tick_open
    8f3d     8f3d       16     1         /Users/slice/Developer/f65-megawing/build/r0f/group1/integration/GROUP1.prg.lto.o:(.text.r0fg1_tick_start)
    8f3d     8f3d       16     1                 r0fg1_tick_start
    8f53     8f53       1e     1         /Users/slice/Developer/f65-megawing/build/r0f/group1/integration/GROUP1.prg.lto.o:(.text.r0fg1_stage_begin)
    8f53     8f53       1e     1                 r0fg1_stage_begin
    8f71     8f71       85     1         /Users/slice/Developer/f65-megawing/build/r0f/group1/integration/GROUP1.prg.lto.o:(.text.r0fg1_stage_end)
    8f71     8f71       85     1                 r0fg1_stage_end
    8ff6     8ff6       9c     1         /Users/slice/Developer/f65-megawing/build/r0f/group1/integration/GROUP1.prg.lto.o:(.text.duration)
    8ff6     8ff6       9c     1                 duration
    9092     9092        1     1         /Users/slice/Developer/f65-megawing/build/r0f/group1/integration/GROUP1.prg.lto.o:(.text.get16)
    9092     9092        1     1                 get16
    9093     9093       68     1         /Users/slice/Developer/f65-megawing/build/r0f/group1/integration/GROUP1.prg.lto.o:(.text.r0fg1_service)
    9093     9093       68     1                 r0fg1_service
    90fb     90fb       c8     1         /Users/slice/Developer/f65-megawing/build/r0f/group1/integration/GROUP1.prg.lto.o:(.text.r0fg1_dma)
    90fb     90fb       c8     1                 r0fg1_dma
    91c3     91c3      1c6     1         /Users/slice/Developer/f65-megawing/build/r0f/group1/integration/GROUP1.prg.lto.o:(.text.r0fg1_world)
    91c3     91c3      1c6     1                 r0fg1_world
    9389     9389      2f3     1         /Users/slice/Developer/f65-megawing/build/r0f/group1/integration/GROUP1.prg.lto.o:(.text.r0fg1_tick_close)
    9389     9389      2f3     1                 r0fg1_tick_close
    967c     967c       19     1         /Users/slice/Developer/f65-megawing/build/r0f/group1/integration/GROUP1.prg.lto.o:(.text.r0fg1_next_tick)
    967c     967c       19     1                 r0fg1_next_tick
    9695     9695      99a     1         /Users/slice/Developer/f65-megawing/build/r0f/group1/integration/GROUP1.prg.lto.o:(.text.r0fg1_capture_finish)
    9695     9695      99a     1                 r0fg1_capture_finish
    a02f     a02f       5a     1         /Users/slice/Developer/f65-megawing/build/r0f/group1/integration/GROUP1.prg.lto.o:(.text.r0fg1_clock_init)
    a02f     a02f       5a     1                 r0fg1_clock_init
    a089     a089       63     1         /Users/slice/Developer/f65-megawing/build/r0f/group1/integration/GROUP1.prg.lto.o:(.text.r0fg1_next_release)
    a089     a089       63     1                 r0fg1_next_release
    a0ec     a0ec       2c     1         /Users/slice/Developer/f65-megawing/build/r0f/group1/integration/GROUP1.prg.lto.o:(.text.r0fg1_clock_advance)
    a0ec     a0ec       2c     1                 r0fg1_clock_advance
    a118     a118      2e9     1         /Users/slice/Developer/f65-megawing/build/r0f/group1/integration/GROUP1.prg.lto.o:(.text.r0fg1_workload_stage)
    a118     a118      2e9     1                 r0fg1_workload_stage
    a401     a401      199     1         /Users/slice/Developer/f65-megawing/build/r0f/group1/integration/GROUP1.prg.lto.o:(.text.r0fg1_workload_hash)
    a401     a401      199     1                 r0fg1_workload_hash
    a59a     a59a       29     1         /Users/slice/Developer/f65-megawing/build/r0f/group1/integration/GROUP1.prg.lto.o:(.text.r0fg1_ai_runs)
    a59a     a59a       29     1                 r0fg1_ai_runs
    a5c3     a5c3        7     1         /Users/slice/Developer/f65-megawing/build/r0f/group1/integration/GROUP1.prg.lto.o:(.text.r0fg1_causality_errors)
    a5c3     a5c3        7     1                 r0fg1_causality_errors
    a5ca     a5ca        5     1         /Users/slice/Developer/f65-megawing/build/r0f/group1/integration/GROUP1.prg.lto.o:(.text.exit)
    a5ca     a5ca        5     1                 exit
    a5cf     a5cf       17     1         /Users/slice/Developer/f65-megawing/build/r0f/group1/integration/GROUP1.prg.lto.o:(.text.__lshrsi3)
    a5cf     a5cf       17     1                 __lshrsi3
    a5e6     a5e6       bd     1         /Users/slice/Developer/f65-megawing/build/r0f/group1/integration/GROUP1.prg.lto.o:(.text.__udivhi3)
    a5e6     a5e6       bd     1                 __udivhi3
    a6a3     a6a3       45     1         /Users/slice/Developer/f65-megawing/build/r0f/group1/integration/GROUP1.prg.lto.o:(.text.__umodqi3)
    a6a3     a6a3       45     1                 __umodqi3
    a6e8     a6e8       a6     1         /Users/slice/Developer/f65-megawing/build/r0f/group1/integration/GROUP1.prg.lto.o:(.text.__umodhi3)
    a6e8     a6e8       a6     1                 __umodhi3
    a78e     a78e       d8     1         /Users/slice/Developer/f65-megawing/build/r0f/group1/integration/GROUP1.prg.lto.o:(.text.__udivmodhi4)
    a78e     a78e       d8     1                 __udivmodhi4
    a866     a866      1b2     1         /Users/slice/Developer/f65-megawing/build/r0f/group1/integration/GROUP1.prg.lto.o:(.text.__udivmodsi4)
    a866     a866      1b2     1                 __udivmodsi4
    aa18     aa18       1c     1         /Users/slice/Developer/f65-megawing/build/r0f/group1/integration/GROUP1.prg.lto.o:(.text.__memset)
    aa18     aa18       1c     1                 __memset
    aa34     aa34       79     1         /Users/slice/Developer/f65-megawing/build/r0f/group1/integration/GROUP1.prg.lto.o:(.text.__mulsi3)
    aa34     aa34       79     1                 __mulsi3
    aaad     aaad        0     1         __init_array_start = .
    aaad     aaad        0     1         __init_array_end = .
    aaad     aaad        0     1         __fini_array_start = .
    aaad     aaad        0     1         __fini_array_end = .
    aaad     aaad      751     1 .rodata
    aaad     aaad        1     1         /Users/slice/Developer/f65-megawing/toolchain/runtime/llvm-mos/bin/../mos-platform/common/lib/libcrt.a(const.S.obj):(.rodata)
    aaad     aaad        0     1                 __set_v
    aaae     aaae        8     1         /Users/slice/Developer/f65-megawing/build/r0f/group1/integration/GROUP1.prg.lto.o:(.rodata.dos_copy)
    aab6     aab6       1c     1         /Users/slice/Developer/f65-megawing/build/r0f/group1/integration/GROUP1.prg.lto.o:(.rodata.r0fc_tick)
    aad2     aad2      2d3     1         <internal>:(.rodata.str1.1)
    ada5     ada5       1e     1         /Users/slice/Developer/f65-megawing/build/r0f/group1/integration/GROUP1.prg.lto.o:(.rodata.display_registers)
    ada5     ada5       1e     1                 display_registers
    adc3     adc3      400     1         /Users/slice/Developer/f65-megawing/build/r0f/group1/integration/GROUP1.prg.lto.o:(.rodata.r0fs_crc32_update.crc_table)
    adc3     adc3      400     1                 r0fs_crc32_update.crc_table
    b1c3     b1c3       38     1         /Users/slice/Developer/f65-megawing/build/r0f/group1/integration/GROUP1.prg.lto.o:(.rodata.r0fc_range.ranges)
    b1c3     b1c3       38     1                 r0fc_range.ranges
    b1fb     b1fb        3     1         /Users/slice/Developer/f65-megawing/build/r0f/group1/integration/GROUP1.prg.lto.o:(.rodata.r0fg1_workload_stage.cadence)
    b1fb     b1fb        3     1                 r0fg1_workload_stage.cadence
    b1fe     b1fe       13     1 .data
    b1fe     b1fe        0     1         __data_start = .
    b1fe     b1fe        8     1         /Users/slice/Developer/f65-megawing/build/r0f/group1/integration/GROUP1.prg.lto.o:(.data.irq_observation)
    b1fe     b1fe        8     1                 irq_observation
    b206     b206        1     1         /Users/slice/Developer/f65-megawing/build/r0f/group1/integration/GROUP1.prg.lto.o:(.data.iec_before_record)
    b206     b206        1     1                 iec_before_record
    b207     b207        1     1         /Users/slice/Developer/f65-megawing/build/r0f/group1/integration/GROUP1.prg.lto.o:(.data.iec_after_record)
    b207     b207        1     1                 iec_after_record
    b208     b208        1     1         /Users/slice/Developer/f65-megawing/build/r0f/group1/integration/GROUP1.prg.lto.o:(.data.reclaim_features_record)
    b208     b208        1     1                 reclaim_features_record
    b209     b209        4     1         /Users/slice/Developer/f65-megawing/build/r0f/group1/integration/GROUP1.prg.lto.o:(.data.worlds_crc)
    b209     b209        4     1                 worlds_crc
    b20d     b20d        4     1         /Users/slice/Developer/f65-megawing/build/r0f/group1/integration/GROUP1.prg.lto.o:(.data.records_crc)
    b20d     b20d        4     1                 records_crc
    b211     b211        0     1         __data_end = .
    b211     b211        0     1 __data_load_start = LOADADDR(.data)
    b211     b211        0     1 __data_size = SIZEOF(.data)
    b211     b211      bf1     1 .bss
    b211     b211        0     1         __bss_start = .
    b211     b211        1     1         /Users/slice/Developer/f65-megawing/build/r0f/group1/integration/GROUP1.prg.lto.o:(.bss.lifecycle_state)
    b211     b211        1     1                 lifecycle_state
    b212     b212        4     1         /Users/slice/Developer/f65-megawing/build/r0f/group1/integration/GROUP1.prg.lto.o:(.bss.context_crc_expected)
    b212     b212        4     1                 context_crc_expected
    b216     b216      3d1     1         /Users/slice/Developer/f65-megawing/build/r0f/group1/integration/GROUP1.prg.lto.o:(.bss.model)
    b216     b216      3d1     1                 model
    b5e7     b5e7       cb     1         /Users/slice/Developer/f65-megawing/build/r0f/group1/integration/GROUP1.prg.lto.o:(.bss.snapshots)
    b5e7     b5e7       cb     1                 snapshots
    b6b2     b6b2        4     1         /Users/slice/Developer/f65-megawing/build/r0f/group1/integration/GROUP1.prg.lto.o:(.bss.next_deadline)
    b6b2     b6b2        4     1                 next_deadline
    b6b6     b6b6        2     1         /Users/slice/Developer/f65-megawing/build/r0f/group1/integration/GROUP1.prg.lto.o:(.bss.display_services)
    b6b6     b6b6        2     1                 display_services
    b6b8     b6b8        1     1         /Users/slice/Developer/f65-megawing/build/r0f/group1/integration/GROUP1.prg.lto.o:(.bss.capture_epoch)
    b6b8     b6b8        1     1                 capture_epoch
    b6b9     b6b9        1     1         /Users/slice/Developer/f65-megawing/build/r0f/group1/integration/GROUP1.prg.lto.o:(.bss.display_started)
    b6b9     b6b9        1     1                 display_started
    b6ba     b6ba        2     1         /Users/slice/Developer/f65-megawing/build/r0f/group1/integration/GROUP1.prg.lto.o:(.bss.tick_before_record)
    b6ba     b6ba        2     1                 tick_before_record
    b6bc     b6bc        4     1         /Users/slice/Developer/f65-megawing/build/r0f/group1/integration/GROUP1.prg.lto.o:(.bss.checksum_before_record)
    b6bc     b6bc        4     1                 checksum_before_record
    b6c0     b6c0        4     1         /Users/slice/Developer/f65-megawing/build/r0f/group1/integration/GROUP1.prg.lto.o:(.bss.low_before_record)
    b6c0     b6c0        4     1                 low_before_record
    b6c4     b6c4        4     1         /Users/slice/Developer/f65-megawing/build/r0f/group1/integration/GROUP1.prg.lto.o:(.bss.low_after_record)
    b6c4     b6c4        4     1                 low_after_record
    b6c8     b6c8        4     1         /Users/slice/Developer/f65-megawing/build/r0f/group1/integration/GROUP1.prg.lto.o:(.bss.dos_before_record)
    b6c8     b6c8        4     1                 dos_before_record
    b6cc     b6cc        4     1         /Users/slice/Developer/f65-megawing/build/r0f/group1/integration/GROUP1.prg.lto.o:(.bss.dos_after_record)
    b6cc     b6cc        4     1                 dos_after_record
    b6d0     b6d0        1     1         /Users/slice/Developer/f65-megawing/build/r0f/group1/integration/GROUP1.prg.lto.o:(.bss.context_invalidated_record)
    b6d0     b6d0        1     1                 context_invalidated_record
    b6d1     b6d1       ff     1         /Users/slice/Developer/f65-megawing/build/r0f/group1/integration/GROUP1.prg.lto.o:(.bss.transfer)
    b6d1     b6d1       ff     1                 transfer
    b7d0     b7d0        f     1         /Users/slice/Developer/f65-megawing/build/r0f/group1/integration/GROUP1.prg.lto.o:(.bss.display_saved)
    b7d0     b7d0        f     1                 display_saved
    b7df     b7df        1     1         /Users/slice/Developer/f65-megawing/build/r0f/group1/integration/GROUP1.prg.lto.o:(.bss.display_front)
    b7df     b7df        1     1                 display_front
    b7e0     b7e0        1     1         /Users/slice/Developer/f65-megawing/build/r0f/group1/integration/GROUP1.prg.lto.o:(.bss.display_ready)
    b7e0     b7e0        1     1                 display_ready
    b7e1     b7e1        1     1         /Users/slice/Developer/f65-megawing/build/r0f/group1/integration/GROUP1.prg.lto.o:(.bss.display_slot)
    b7e1     b7e1        1     1                 display_slot
    b7e2     b7e2        2     1         /Users/slice/Developer/f65-megawing/build/r0f/group1/integration/GROUP1.prg.lto.o:(.bss.display_clear_at)
    b7e2     b7e2        2     1                 display_clear_at
    b7e4     b7e4        1     1         /Users/slice/Developer/f65-megawing/build/r0f/group1/integration/GROUP1.prg.lto.o:(.bss.display_suspended)
    b7e4     b7e4        1     1                 display_suspended
    b7e5     b7e5        1     1         /Users/slice/Developer/f65-megawing/build/r0f/group1/integration/GROUP1.prg.lto.o:(.bss.application_dma_outstanding)
    b7e5     b7e5        1     1                 application_dma_outstanding
    b7e6     b7e6        1     1         /Users/slice/Developer/f65-megawing/build/r0f/group1/integration/GROUP1.prg.lto.o:(.bss.display_frame)
    b7e6     b7e6        1     1                 display_frame
    b7e7     b7e7        2     1         /Users/slice/Developer/f65-megawing/build/r0f/group1/integration/GROUP1.prg.lto.o:(.bss.display_source_tick)
    b7e7     b7e7        2     1                 display_source_tick
    b7e9     b7e9        4     1         /Users/slice/Developer/f65-megawing/build/r0f/group1/integration/GROUP1.prg.lto.o:(.bss.display_snapshot_crc)
    b7e9     b7e9        4     1                 display_snapshot_crc
    b7ed     b7ed       40     1         /Users/slice/Developer/f65-megawing/build/r0f/group1/integration/GROUP1.prg.lto.o:(.bss.display_pixels)
    b7ed     b7ed       40     1                 display_pixels
    b82d     b82d        1     1         /Users/slice/Developer/f65-megawing/build/r0f/group1/integration/GROUP1.prg.lto.o:(.bss.display_suspended_d011)
    b82d     b82d        1     1                 display_suspended_d011
    b82e     b82e        1     1         /Users/slice/Developer/f65-megawing/build/r0f/group1/integration/GROUP1.prg.lto.o:(.bss.r0fsi_iec_before)
    b82e     b82e        1     1                 r0fsi_iec_before
    b82f     b82f        1     1         /Users/slice/Developer/f65-megawing/build/r0f/group1/integration/GROUP1.prg.lto.o:(.bss.r0fsi_iec_after)
    b82f     b82f        1     1                 r0fsi_iec_after
    b830     b830        1     1         /Users/slice/Developer/f65-megawing/build/r0f/group1/integration/GROUP1.prg.lto.o:(.bss.r0fsi_irq_fault)
    b830     b830        1     1                 r0fsi_irq_fault
    b831     b831        1     1         /Users/slice/Developer/f65-megawing/build/r0f/group1/integration/GROUP1.prg.lto.o:(.bss.final_screen)
    b831     b831        1     1                 final_screen
    b832     b832        1     1         /Users/slice/Developer/f65-megawing/build/r0f/group1/integration/GROUP1.prg.lto.o:(.bss.backup_valid)
    b832     b832        1     1                 backup_valid
    b833     b833       ff     1         /Users/slice/Developer/f65-megawing/build/r0f/group1/integration/GROUP1.prg.lto.o:(.bss.block)
    b833     b833       ff     1                 block
    b932     b932       ff     1         /Users/slice/Developer/f65-megawing/build/r0f/group1/integration/GROUP1.prg.lto.o:(.bss.cfworkspace)
    b932     b932       ff     1                 cfworkspace
    ba31     ba31        1     1         /Users/slice/Developer/f65-megawing/build/r0f/group1/integration/GROUP1.prg.lto.o:(.bss.features_open)
    ba31     ba31        1     1                 features_open
    ba32     ba32        1     1         /Users/slice/Developer/f65-megawing/build/r0f/group1/integration/GROUP1.prg.lto.o:(.bss.r0fc_trap_flags)
    ba32     ba32        1     1                 r0fc_trap_flags
    ba33     ba33        1     1         /Users/slice/Developer/f65-megawing/build/r0f/group1/integration/GROUP1.prg.lto.o:(.bss.r0fc_trap_base)
    ba33     ba33        1     1                 r0fc_trap_base
    ba34     ba34       11     1         /Users/slice/Developer/f65-megawing/build/r0f/group1/integration/GROUP1.prg.lto.o:(.bss.list)
    ba34     ba34       11     1                 list
    ba45     ba45        1     1         /Users/slice/Developer/f65-megawing/build/r0f/group1/integration/GROUP1.prg.lto.o:(.bss.pcm_on)
    ba45     ba45        1     1                 pcm_on
    ba46     ba46        1     1         /Users/slice/Developer/f65-megawing/build/r0f/group1/integration/GROUP1.prg.lto.o:(.bss.pcm_last)
    ba46     ba46        1     1                 pcm_last
    ba47     ba47        4     1         /Users/slice/Developer/f65-megawing/build/r0f/group1/integration/GROUP1.prg.lto.o:(.bss.service_last)
    ba47     ba47        4     1                 service_last
    ba4b     ba4b        1     1         /Users/slice/Developer/f65-megawing/build/r0f/group1/integration/GROUP1.prg.lto.o:(.bss.audio_frame)
    ba4b     ba4b        1     1                 audio_frame
    ba4c     ba4c        1     1         /Users/slice/Developer/f65-megawing/build/r0f/group1/integration/GROUP1.prg.lto.o:(.bss.keys_valid)
    ba4c     ba4c        1     1                 keys_valid
    ba4d     ba4d        1     1         /Users/slice/Developer/f65-megawing/build/r0f/group1/integration/GROUP1.prg.lto.o:(.bss.input_frame)
    ba4d     ba4d        1     1                 input_frame
    ba4e     ba4e       18     1         /Users/slice/Developer/f65-megawing/build/r0f/group1/integration/GROUP1.prg.lto.o:(.bss.keys)
    ba4e     ba4e       18     1                 keys
    ba66     ba66        3     1         /Users/slice/Developer/f65-megawing/build/r0f/group1/integration/GROUP1.prg.lto.o:(.bss.scripted)
    ba66     ba66        3     1                 scripted
    ba69     ba69        1     1         /Users/slice/Developer/f65-megawing/build/r0f/group1/integration/GROUP1.prg.lto.o:(.bss.r0fc_features)
    ba69     ba69        1     1                 r0fc_features
    ba6a     ba6a        1     1         /Users/slice/Developer/f65-megawing/build/r0f/group1/integration/GROUP1.prg.lto.o:(.bss.r0fc_hardware_seed)
    ba6a     ba6a        1     1                 r0fc_hardware_seed
    ba6b     ba6b        2     1         /Users/slice/Developer/f65-megawing/build/r0f/group1/integration/GROUP1.prg.lto.o:(.bss.r0fc_software_seed)
    ba6b     ba6b        2     1                 r0fc_software_seed
    ba6d     ba6d        4     1         /Users/slice/Developer/f65-megawing/build/r0f/group1/integration/GROUP1.prg.lto.o:(.bss.export.0)
    ba6d     ba6d        4     1                 export.0
    ba71     ba71        1     1         /Users/slice/Developer/f65-megawing/build/r0f/group1/integration/GROUP1.prg.lto.o:(.bss.export.2)
    ba71     ba71        1     1                 export.2
    ba72     ba72       ff     1         /Users/slice/Developer/f65-megawing/build/r0f/group1/integration/GROUP1.prg.lto.o:(.bss.buffer)
    ba72     ba72       ff     1                 buffer
    bb71     bb71        1     1         /Users/slice/Developer/f65-megawing/build/r0f/group1/integration/GROUP1.prg.lto.o:(.bss.cfreclaimed)
    bb71     bb71        1     1                 cfreclaimed
    bb72     bb72        4     1         /Users/slice/Developer/f65-megawing/build/r0f/group1/integration/GROUP1.prg.lto.o:(.bss.capsule_crc)
    bb72     bb72        4     1                 capsule_crc
    bb76     bb76      100     1         /Users/slice/Developer/f65-megawing/build/r0f/group1/integration/GROUP1.prg.lto.o:(.bss.header)
    bb76     bb76      100     1                 header
    bc76     bc76        4     1         /Users/slice/Developer/f65-megawing/build/r0f/group1/integration/GROUP1.prg.lto.o:(.bss.cfperiod)
    bc76     bc76        4     1                 cfperiod
    bc7a     bc7a        4     1         /Users/slice/Developer/f65-megawing/build/r0f/group1/integration/GROUP1.prg.lto.o:(.bss.cfcia_frame)
    bc7a     bc7a        4     1                 cfcia_frame
    bc7e     bc7e        4     1         /Users/slice/Developer/f65-megawing/build/r0f/group1/integration/GROUP1.prg.lto.o:(.bss.cfcycles_frame)
    bc7e     bc7e        4     1                 cfcycles_frame
    bc82     bc82        1     1         /Users/slice/Developer/f65-megawing/build/r0f/group1/integration/GROUP1.prg.lto.o:(.bss.epoch)
    bc82     bc82        1     1                 epoch
    bc83     bc83        1     1         /Users/slice/Developer/f65-megawing/build/r0f/group1/integration/GROUP1.prg.lto.o:(.bss.phase)
    bc83     bc83        1     1                 phase
    bc84     bc84        4     1         /Users/slice/Developer/f65-megawing/build/r0f/group1/integration/GROUP1.prg.lto.o:(.bss.clock.0)
    bc84     bc84        4     1                 clock.0
    bc88     bc88        4     1         /Users/slice/Developer/f65-megawing/build/r0f/group1/integration/GROUP1.prg.lto.o:(.bss.clock.1)
    bc88     bc88        4     1                 clock.1
    bc8c     bc8c        2     1         /Users/slice/Developer/f65-megawing/build/r0f/group1/integration/GROUP1.prg.lto.o:(.bss.clock.2)
    bc8c     bc8c        2     1                 clock.2
    bc8e     bc8e        1     1         /Users/slice/Developer/f65-megawing/build/r0f/group1/integration/GROUP1.prg.lto.o:(.bss.cffault)
    bc8e     bc8e        1     1                 cffault
    bc8f     bc8f       60     1         /Users/slice/Developer/f65-megawing/build/r0f/group1/integration/GROUP1.prg.lto.o:(.bss.record)
    bc8f     bc8f       60     1                 record
    bcef     bcef        4     1         /Users/slice/Developer/f65-megawing/build/r0f/group1/integration/GROUP1.prg.lto.o:(.bss.previous_capture)
    bcef     bcef        4     1                 previous_capture
    bcf3     bcf3        1     1         /Users/slice/Developer/f65-megawing/build/r0f/group1/integration/GROUP1.prg.lto.o:(.bss.next_stage)
    bcf3     bcf3        1     1                 next_stage
    bcf4     bcf4        1     1         /Users/slice/Developer/f65-megawing/build/r0f/group1/integration/GROUP1.prg.lto.o:(.bss.active)
    bcf4     bcf4        1     1                 active
    bcf5     bcf5        4     1         /Users/slice/Developer/f65-megawing/build/r0f/group1/integration/GROUP1.prg.lto.o:(.bss.stage_start)
    bcf5     bcf5        4     1                 stage_start
    bcf9     bcf9        2     1         /Users/slice/Developer/f65-megawing/build/r0f/group1/integration/GROUP1.prg.lto.o:(.bss.world_generation)
    bcf9     bcf9        2     1                 world_generation
    bcfb     bcfb        2     1         /Users/slice/Developer/f65-megawing/build/r0f/group1/integration/GROUP1.prg.lto.o:(.bss.world_tick)
    bcfb     bcfb        2     1                 world_tick
    bcfd     bcfd        4     1         /Users/slice/Developer/f65-megawing/build/r0f/group1/integration/GROUP1.prg.lto.o:(.bss.world_swap)
    bcfd     bcfd        4     1                 world_swap
    bd01     bd01        2     1         /Users/slice/Developer/f65-megawing/build/r0f/group1/integration/GROUP1.prg.lto.o:(.bss.records)
    bd01     bd01        2     1                 records
    bd03     bd03        4     1         /Users/slice/Developer/f65-megawing/build/r0f/group1/integration/GROUP1.prg.lto.o:(.bss.capture_max)
    bd03     bd03        4     1                 capture_max
    bd07     bd07        1     1         /Users/slice/Developer/f65-megawing/build/r0f/group1/integration/GROUP1.prg.lto.o:(.bss.r0fc_hardware_low)
    bd07     bd07        1     1                 r0fc_hardware_low
    bd08     bd08        2     1         /Users/slice/Developer/f65-megawing/build/r0f/group1/integration/GROUP1.prg.lto.o:(.bss.r0fc_software_low)
    bd08     bd08        2     1                 r0fc_software_low
    bd0a     bd0a       12     1         /Users/slice/Developer/f65-megawing/build/r0f/group1/integration/GROUP1.prg.lto.o:(.bss.eligible)
    bd0a     bd0a       12     1                 eligible
    bd1c     bd1c        2     1         /Users/slice/Developer/f65-megawing/build/r0f/group1/integration/GROUP1.prg.lto.o:(.bss.causality_errors)
    bd1c     bd1c        2     1                 causality_errors
    bd1e     bd1e       12     1         /Users/slice/Developer/f65-megawing/build/r0f/group1/integration/GROUP1.prg.lto.o:(.bss.pending)
    bd1e     bd1e       12     1                 pending
    bd30     bd30       12     1         /Users/slice/Developer/f65-megawing/build/r0f/group1/integration/GROUP1.prg.lto.o:(.bss.intent)
    bd30     bd30       12     1                 intent
    bd42     bd42       48     1         /Users/slice/Developer/f65-megawing/build/r0f/group1/integration/GROUP1.prg.lto.o:(.bss.full)
    bd42     bd42       48     1                 full
    bd8a     bd8a       12     1         /Users/slice/Developer/f65-megawing/build/r0f/group1/integration/GROUP1.prg.lto.o:(.bss.reduced)
    bd8a     bd8a       12     1                 reduced
    bd9c     bd9c       60     1         /Users/slice/Developer/f65-megawing/build/r0f/group1/integration/GROUP1.prg.lto.o:(.bss.tracks)
    bd9c     bd9c       60     1                 tracks
    bdfc     bdfc        6     1         /Users/slice/Developer/f65-megawing/build/r0f/group1/integration/GROUP1.prg.lto.o:(.bss.runs)
    bdfc     bdfc        6     1                 runs
    be02     be02        0     1         __bss_end = .
    be02     be02        0     1 __bss_size = SIZEOF(.bss)
    be02     be02       27     1 .noinit
    be02     be02       27     1         /Users/slice/Developer/f65-megawing/build/r0f/group1/integration/GROUP1.prg.lto.o:(.noinit..Lstatic_stack)
    be29     be29        0     1         __heap_start = ALIGN(., 2)
    be29     be29        0     1 __stack = 0xd000
       0        0       cc     1 .comment
       0        0       cc     1         <internal>:(.comment)
       0        0       1e     1 .llvm_sympart
       0        0        f     1         /Users/slice/Developer/f65-megawing/build/r0f/group1/integration/GROUP1.prg.lto.o:(.llvm_sympart)
       f        f        f     1         /Users/slice/Developer/f65-megawing/build/r0f/group1/integration/GROUP1.prg.lto.o:(.llvm_sympart)
       0        0     2b20     4 .symtab
       0        0     2b20     4         <internal>:(.symtab)
       0        0       82     1 .shstrtab
       0        0       82     1         <internal>:(.shstrtab)
       0        0     2d1d     1 .strtab
       0        0     2d1d     1         <internal>:(.strtab)
